Component: ARM Compiler 5.06 update 3 (build 300) Tool: armlink [4d35c9]

==============================================================================

Section Cross References

    main.o(i.main) refers to _printf_percent.o(.ARM.Collect$$_printf_percent$$00000000) for _printf_percent
    main.o(i.main) refers to _printf_s.o(.ARM.Collect$$_printf_percent$$00000014) for _printf_s
    main.o(i.main) refers to _printf_str.o(.text) for _printf_str
    main.o(i.main) refers to sysctl.o(i.SysCtlClockSet) for SysCtlClockSet
    main.o(i.main) refers to termio.o(i.TERMIO_Init) for TERMIO_Init
    main.o(i.main) refers to noretval__2printf.o(.text) for __2printf
    main.o(i.main) refers to puts.o(.text) for puts
    main.o(i.main) refers to es_framework.o(i.ES_Initialize) for ES_Initialize
    main.o(i.main) refers to es_framework.o(i.ES_Run) for ES_Run
    testharnessservice0.o(i.InitTestHarnessService0) refers to es_queue.o(i.ES_InitQueue) for ES_InitQueue
    testharnessservice0.o(i.InitTestHarnessService0) refers to es_shorttimer.o(i.ES_ShortTimerInit) for ES_ShortTimerInit
    testharnessservice0.o(i.InitTestHarnessService0) refers to sysctl.o(i.SysCtlPeripheralEnable) for SysCtlPeripheralEnable
    testharnessservice0.o(i.InitTestHarnessService0) refers to gpio.o(i.GPIOPinTypeGPIOOutput) for GPIOPinTypeGPIOOutput
    testharnessservice0.o(i.InitTestHarnessService0) refers to gpio.o(i.GPIOPinWrite) for GPIOPinWrite
    testharnessservice0.o(i.InitTestHarnessService0) refers to es_framework.o(i.ES_PostToService) for ES_PostToService
    testharnessservice0.o(i.InitTestHarnessService0) refers to testharnessservice0.o(.data) for .data
    testharnessservice0.o(i.InitTestHarnessService0) refers to testharnessservice0.o(.bss) for .bss
    testharnessservice0.o(i.PostTestHarnessService0) refers to es_framework.o(i.ES_PostToService) for ES_PostToService
    testharnessservice0.o(i.PostTestHarnessService0) refers to testharnessservice0.o(.data) for .data
    testharnessservice0.o(i.RunTestHarnessService0) refers to _printf_percent.o(.ARM.Collect$$_printf_percent$$00000000) for _printf_percent
    testharnessservice0.o(i.RunTestHarnessService0) refers to _printf_d.o(.ARM.Collect$$_printf_percent$$00000009) for _printf_d
    testharnessservice0.o(i.RunTestHarnessService0) refers to _printf_dec.o(.text) for _printf_int_dec
    testharnessservice0.o(i.RunTestHarnessService0) refers to _printf_c.o(.ARM.Collect$$_printf_percent$$00000013) for _printf_c
    testharnessservice0.o(i.RunTestHarnessService0) refers to _printf_str.o(.text) for _printf_str
    testharnessservice0.o(i.RunTestHarnessService0) refers to es_timers.o(i.ES_Timer_InitTimer) for ES_Timer_InitTimer
    testharnessservice0.o(i.RunTestHarnessService0) refers to puts.o(.text) for puts
    testharnessservice0.o(i.RunTestHarnessService0) refers to noretval__2printf.o(.text) for __2printf
    testharnessservice0.o(i.RunTestHarnessService0) refers to gpio.o(i.GPIOPinWrite) for GPIOPinWrite
    testharnessservice0.o(i.RunTestHarnessService0) refers to es_queue.o(i.ES_EnQueueLIFO) for ES_EnQueueLIFO
    testharnessservice0.o(i.RunTestHarnessService0) refers to es_framework.o(i.ES_PostToService) for ES_PostToService
    testharnessservice0.o(i.RunTestHarnessService0) refers to es_deferrecall.o(i.ES_RecallEvents) for ES_RecallEvents
    testharnessservice0.o(i.RunTestHarnessService0) refers to es_shorttimer.o(i.ES_ShortTimerStart) for ES_ShortTimerStart
    testharnessservice0.o(i.RunTestHarnessService0) refers to testharnessservice0.o(.data) for .data
    testharnessservice0.o(i.RunTestHarnessService0) refers to testharnessservice0.o(.bss) for .bss
    templatefsm.o(i.InitTemplateFSM) refers to es_framework.o(i.ES_PostToService) for ES_PostToService
    templatefsm.o(i.InitTemplateFSM) refers to templatefsm.o(.data) for .data
    templatefsm.o(i.PostTemplateFSM) refers to es_framework.o(i.ES_PostToService) for ES_PostToService
    templatefsm.o(i.PostTemplateFSM) refers to templatefsm.o(.data) for .data
    templatefsm.o(i.QueryTemplateFSM) refers to templatefsm.o(.data) for .data
    templatefsm.o(i.RunTemplateFSM) refers to templatefsm.o(.data) for .data
    es_shorttimer.o(i.ES_ShortTimerInit) refers to sysctl.o(i.SysCtlPeripheralEnable) for SysCtlPeripheralEnable
    es_shorttimer.o(i.ES_ShortTimerInit) refers to timer.o(i.TimerConfigure) for TimerConfigure
    es_shorttimer.o(i.ES_ShortTimerInit) refers to timer.o(i.TimerPrescaleSet) for TimerPrescaleSet
    es_shorttimer.o(i.ES_ShortTimerInit) refers to es_shorttimer.o(.data) for .data
    es_shorttimer.o(i.ES_ShortTimerStart) refers to es_shorttimer.o(i.ShortTimerBHandler) for ShortTimerBHandler
    es_shorttimer.o(i.ES_ShortTimerStart) refers to timer.o(i.TimerLoadSet) for TimerLoadSet
    es_shorttimer.o(i.ES_ShortTimerStart) refers to timer.o(i.TimerIntEnable) for TimerIntEnable
    es_shorttimer.o(i.ES_ShortTimerStart) refers to interrupt.o(i.IntEnable) for IntEnable
[...]
    libinit.o(.ARM.Collect$$libinit$$00000000) refers (Special) to libinit2.o(.ARM.Collect$$libinit$$0000000A) for __rt_lib_init_heap_1
    libinit.o(.ARM.Collect$$libinit$$00000000) refers (Special) to libinit2.o(.ARM.Collect$$libinit$$00000011) for __rt_lib_init_lc_collate_1
    libinit.o(.ARM.Collect$$libinit$$00000000) refers (Special) to libinit2.o(.ARM.Collect$$libinit$$00000013) for __rt_lib_init_lc_ctype_1
    libinit.o(.ARM.Collect$$libinit$$00000000) refers (Special) to libinit2.o(.ARM.Collect$$libinit$$00000015) for __rt_lib_init_lc_monetary_1
    libinit.o(.ARM.Collect$$libinit$$00000000) refers (Special) to libinit2.o(.ARM.Collect$$libinit$$00000017) for __rt_lib_init_lc_numeric_1
    libinit.o(.ARM.Collect$$libinit$$00000000) refers (Special) to libinit2.o(.ARM.Collect$$libinit$$00000019) for __rt_lib_init_lc_time_1
    libinit.o(.ARM.Collect$$libinit$$00000000) refers (Special) to libinit2.o(.ARM.Collect$$libinit$$00000004) for __rt_lib_init_preinit_1
    libinit.o(.ARM.Collect$$libinit$$00000000) refers (Special) to libinit2.o(.ARM.Collect$$libinit$$0000000E) for __rt_lib_init_rand_1
    libinit.o(.ARM.Collect$$libinit$$00000000) refers (Special) to libinit2.o(.ARM.Collect$$libinit$$00000033) for __rt_lib_init_return
    libinit.o(.ARM.Collect$$libinit$$00000000) refers (Special) to libinit2.o(.ARM.Collect$$libinit$$0000001D) for __rt_lib_init_signal_1
    libinit.o(.ARM.Collect$$libinit$$00000000) refers (Special) to libinit2.o(.ARM.Collect$$libinit$$00000025) for __rt_lib_init_stdio_1
    libinit.o(.ARM.Collect$$libinit$$00000000) refers (Special) to libinit2.o(.ARM.Collect$$libinit$$0000000C) for __rt_lib_init_user_alloc_1
    libspace.o(.text) refers to libspace.o(.bss) for __libspace_start
    rtexit.o(.ARM.Collect$$rtexit$$00000000) refers (Special) to rtexit2.o(.ARM.Collect$$rtexit$$00000004) for __rt_exit_exit
    rtexit.o(.ARM.Collect$$rtexit$$00000000) refers (Special) to rtexit2.o(.ARM.Collect$$rtexit$$00000003) for __rt_exit_ls
    rtexit.o(.ARM.Collect$$rtexit$$00000000) refers (Special) to rtexit2.o(.ARM.Collect$$rtexit$$00000002) for __rt_exit_prels_1
    rtexit.o(.ARM.exidx) refers (Special) to rtexit2.o(.ARM.Collect$$rtexit$$00000004) for __rt_exit_exit
    rtexit.o(.ARM.exidx) refers (Special) to rtexit2.o(.ARM.Collect$$rtexit$$00000003) for __rt_exit_ls
    rtexit.o(.ARM.exidx) refers (Special) to rtexit2.o(.ARM.Collect$$rtexit$$00000002) for __rt_exit_prels_1
    rtexit.o(.ARM.exidx) refers to rtexit.o(.ARM.Collect$$rtexit$$00000000) for .ARM.Collect$$rtexit$$00000000
    libinit2.o(.ARM.Collect$$libinit$$00000001) refers to fpinit.o(x$fpl$fpinit) for _fp_init
    libinit2.o(.ARM.Collect$$libinit$$00000010) refers to libinit2.o(.ARM.Collect$$libinit$$0000000F) for .ARM.Collect$$libinit$$0000000F
    libinit2.o(.ARM.Collect$$libinit$$00000012) refers to libinit2.o(.ARM.Collect$$libinit$$0000000F) for .ARM.Collect$$libinit$$0000000F
    libinit2.o(.ARM.Collect$$libinit$$00000014) refers to libinit2.o(.ARM.Collect$$libinit$$0000000F) for .ARM.Collect$$libinit$$0000000F
    libinit2.o(.ARM.Collect$$libinit$$00000016) refers to libinit2.o(.ARM.Collect$$libinit$$0000000F) for .ARM.Collect$$libinit$$0000000F
    libinit2.o(.ARM.Collect$$libinit$$00000018) refers to libinit2.o(.ARM.Collect$$libinit$$0000000F) for .ARM.Collect$$libinit$$0000000F
    libinit2.o(.ARM.Collect$$libinit$$00000026) refers to argv_veneer.o(.emb_text) for __ARM_argv_veneer
    libinit2.o(.ARM.Collect$$libinit$$00000027) refers to argv_veneer.o(.emb_text) for __ARM_argv_veneer
    rtexit2.o(.ARM.Collect$$rtexit$$00000003) refers to libshutdown.o(.ARM.Collect$$libshutdown$$00000000) for __rt_lib_shutdown
    rtexit2.o(.ARM.Collect$$rtexit$$00000004) refers to retarget.o(i._sys_exit) for _sys_exit
    rtexit2.o(.ARM.exidx) refers to rtexit2.o(.ARM.Collect$$rtexit$$00000001) for .ARM.Collect$$rtexit$$00000001
    rtexit2.o(.ARM.exidx) refers to rtexit2.o(.ARM.Collect$$rtexit$$00000003) for .ARM.Collect$$rtexit$$00000003
    rtexit2.o(.ARM.exidx) refers to rtexit2.o(.ARM.Collect$$rtexit$$00000004) for .ARM.Collect$$rtexit$$00000004
    argv_veneer.o(.emb_text) refers to no_argv.o(.text) for __ARM_get_argv
    _get_argv_nomalloc.o(.text) refers (Special) to hrguard.o(.text) for __heap_region$guard
    _get_argv_nomalloc.o(.text) refers to defsig_rtmem_outer.o(.text) for __rt_SIGRTMEM
    _get_argv_nomalloc.o(.text) refers to sys_command.o(.text) for _sys_command_string
    libshutdown.o(.ARM.Collect$$libshutdown$$00000000) refers (Special) to libshutdown2.o(.ARM.Collect$$libshutdown$$00000002) for __rt_lib_shutdown_cpp_1
    libshutdown.o(.ARM.Collect$$libshutdown$$00000000) refers (Special) to libshutdown2.o(.ARM.Collect$$libshutdown$$00000007) for __rt_lib_shutdown_fp_trap_1
    libshutdown.o(.ARM.Collect$$libshutdown$$00000000) refers (Special) to libshutdown2.o(.ARM.Collect$$libshutdown$$0000000F) for __rt_lib_shutdown_heap_1
    libshutdown.o(.ARM.Collect$$libshutdown$$00000000) refers (Special) to libshutdown2.o(.ARM.Collect$$libshutdown$$00000010) for __rt_lib_shutdown_return
    libshutdown.o(.ARM.Collect$$libshutdown$$00000000) refers (Special) to libshutdown2.o(.ARM.Collect$$libshutdown$$0000000A) for __rt_lib_shutdown_signal_1
    libshutdown.o(.ARM.Collect$$libshutdown$$00000000) refers (Special) to libshutdown2.o(.ARM.Collect$$libshutdown$$00000004) for __rt_lib_shutdown_stdio_1
    libshutdown.o(.ARM.Collect$$libshutdown$$00000000) refers (Special) to libshutdown2.o(.ARM.Collect$$libshutdown$$0000000C) for __rt_lib_shutdown_user_alloc_1
    sys_command.o(.text) refers (Special) to use_no_semi.o(.text) for __I$use$semihosting
    sys_command.o(.text) refers (Special) to indicate_semi.o(.text) for __semihosting_library_function
    defsig_rtmem_outer.o(.text) refers to defsig_rtmem_inner.o(.text) for __rt_SIGRTMEM_inner
    defsig_rtmem_outer.o(.text) refers to defsig_exit.o(.text) for __sig_exit
    defsig_rtmem_formal.o(.text) refers to rt_raise.o(.text) for __rt_raise
    rt_raise.o(.text) refers to __raise.o(.text) for __raise
    rt_raise.o(.text) refers to retarget.o(i._sys_exit) for _sys_exit
    defsig_exit.o(.text) refers to retarget.o(i._sys_exit) for _sys_exit
    defsig_rtmem_inner.o(.text) refers to defsig_general.o(.text) for __default_signal_display
    __raise.o(.text) refers to defsig.o(CL$$defsig) for __default_signal_handler
    defsig_general.o(.text) refers to retarget.o(i._ttywrch) for _ttywrch
    defsig.o(CL$$defsig) refers to defsig_rtmem_inner.o(.text) for __rt_SIGRTMEM_inner
    defsig_abrt_inner.o(.text) refers to defsig_general.o(.text) for __default_signal_display
    defsig_fpe_inner.o(.text) refers to defsig_general.o(.text) for __default_signal_display
    defsig_rtred_inner.o(.text) refers to defsig_general.o(.text) for __default_signal_display
    defsig_stak_inner.o(.text) refers to defsig_general.o(.text) for __default_signal_display
    defsig_pvfn_inner.o(.text) refers to defsig_general.o(.text) for __default_signal_display
    defsig_cppl_inner.o(.text) refers to defsig_general.o(.text) for __default_signal_display
    defsig_segv_inner.o(.text) refers to defsig_general.o(.text) for __default_signal_display
    defsig_other.o(.text) refers to defsig_general.o(.text) for __default_signal_display


==============================================================================

Removing Unused input sections from the image.

    Removing testharnessservice0.o(i.InitTestHarnessService0), (132 bytes).
    Removing testharnessservice0.o(i.PostTestHarnessService0), (16 bytes).
    Removing testharnessservice0.o(i.RunTestHarnessService0), (528 bytes).
    Removing testharnessservice0.o(.bss), (16 bytes).
    Removing testharnessservice0.o(.data), (3 bytes).
    Removing templatefsm.o(i.InitTemplateFSM), (32 bytes).
    Removing templatefsm.o(i.PostTemplateFSM), (16 bytes).
    Removing templatefsm.o(i.QueryTemplateFSM), (12 bytes).
    Removing templatefsm.o(i.RunTemplateFSM), (44 bytes).
    Removing templatefsm.o(.data), (2 bytes).
    Removing es_shorttimer.o(i.ES_ShortTimerInit), (56 bytes).
    Removing es_shorttimer.o(i.ES_ShortTimerStart), (96 bytes).
    Removing ms_can_top_layer.o(i.CAN_Master_Request_Slave), (52 bytes).
    Removing ms_can_top_layer.o(i.CAN_Slave_Send_Master), (92 bytes).
    Removing es_deferrecall.o(i.ES_RecallEvents), (44 bytes).
    Removing es_framework.o(i.ES_PostAll), (72 bytes).
    Removing es_framework.o(i.ES_PostToServiceLIFO), (48 bytes).
    Removing es_port.o(i.ConsoleInit), (80 bytes).
    Removing es_port.o(i._HW_GetTickCount), (12 bytes).
    Removing es_queue.o(i.ES_EnQueueLIFO), (72 bytes).
    Removing es_queue.o(i.ES_IsQueueEmpty), (12 bytes).
    Removing es_timers.o(i.ES_Timer_GetTime), (4 bytes).
    Removing es_timers.o(i.ES_Timer_SetTimer), (40 bytes).
    Removing es_timers.o(i.ES_Timer_StartTimer), (48 bytes).
    Removing es_timers.o(i.ES_Timer_StopTimer), (36 bytes).
    Removing retarget.o(i._ttywrch), (6 bytes).
    Removing retarget.o(i.fgetc), (4 bytes).
    Removing retarget.o(.data), (4 bytes).
    Removing termio.o(i.TERMIO_GetChar), (4 bytes).
    Removing termio.o(i.kbhit), (20 bytes).
    Removing uartstdio.o(i.UARTgetc), (24 bytes).
    Removing uartstdio.o(i.UARTgets), (132 bytes).
    Removing uartstdio.o(i.UARTprintf), (18 bytes).
    Removing uartstdio.o(i.UARTvprintf), (436 bytes).
    Removing uartstdio.o(i.UARTwrite), (60 bytes).
    Removing can.o(i.CANBitRateSet), (112 bytes).
    Removing can.o(i.CANBitTimingGet), (42 bytes).
    Removing can.o(i.CANDisable), (10 bytes).
    Removing can.o(i.CANErrCntrGet), (22 bytes).
    Removing can.o(i.CANIntDisable), (10 bytes).
    Removing can.o(i.CANIntRegister), (108 bytes).
    Removing can.o(i.CANIntUnregister), (108 bytes).
    Removing can.o(i.CANMessageClear), (26 bytes).
    Removing can.o(i.CANRetryGet), (14 bytes).
    Removing can.o(.constdata), (32 bytes).
    Removing gpio.o(i.GPIOADCTriggerDisable), (14 bytes).
    Removing gpio.o(i.GPIOADCTriggerEnable), (12 bytes).
    Removing gpio.o(i.GPIODMATriggerDisable), (14 bytes).
    Removing gpio.o(i.GPIODMATriggerEnable), (12 bytes).
    Removing gpio.o(i.GPIODirModeGet), (34 bytes).
    Removing gpio.o(i.GPIOIntClear), (6 bytes).
    Removing gpio.o(i.GPIOIntDisable), (14 bytes).
    Removing gpio.o(i.GPIOIntEnable), (12 bytes).
    Removing gpio.o(i.GPIOIntRegister), (88 bytes).
    Removing gpio.o(i.GPIOIntStatus), (14 bytes).
    Removing gpio.o(i.GPIOIntTypeGet), (68 bytes).
    Removing gpio.o(i.GPIOIntTypeSet), (80 bytes).
    Removing gpio.o(i.GPIOIntUnregister), (88 bytes).
    Removing gpio.o(i.GPIOPadConfigGet), (204 bytes).
    Removing gpio.o(i.GPIOPinRead), (6 bytes).
    Removing gpio.o(i.GPIOPinTypeADC), (28 bytes).
    Removing gpio.o(i.GPIOPinTypeCAN), (28 bytes).
    Removing gpio.o(i.GPIOPinTypeComparator), (28 bytes).
    Removing gpio.o(i.GPIOPinTypeComparatorOutput), (28 bytes).
    Removing gpio.o(i.GPIOPinTypeDIVSCLK), (28 bytes).
    Removing gpio.o(i.GPIOPinTypeEPI), (28 bytes).
    Removing gpio.o(i.GPIOPinTypeEthernetLED), (28 bytes).
    Removing gpio.o(i.GPIOPinTypeEthernetMII), (28 bytes).
    Removing gpio.o(i.GPIOPinTypeGPIOInput), (28 bytes).
    Removing gpio.o(i.GPIOPinTypeGPIOOutput), (28 bytes).
    Removing gpio.o(i.GPIOPinTypeGPIOOutputOD), (28 bytes).
    Removing gpio.o(i.GPIOPinTypeHibernateRTCCLK), (28 bytes).
    Removing gpio.o(i.GPIOPinTypeI2C), (28 bytes).
    Removing gpio.o(i.GPIOPinTypeI2CSCL), (28 bytes).
    Removing gpio.o(i.GPIOPinTypeLCD), (28 bytes).
    Removing gpio.o(i.GPIOPinTypeOneWire), (28 bytes).
    Removing gpio.o(i.GPIOPinTypePWM), (28 bytes).
    Removing gpio.o(i.GPIOPinTypeQEI), (28 bytes).
    Removing gpio.o(i.GPIOPinTypeSSI), (28 bytes).
    Removing gpio.o(i.GPIOPinTypeTimer), (28 bytes).
    Removing gpio.o(i.GPIOPinTypeTrace), (28 bytes).
    Removing gpio.o(i.GPIOPinTypeUSBAnalog), (28 bytes).
    Removing gpio.o(i.GPIOPinTypeUSBDigital), (28 bytes).
    Removing gpio.o(i.GPIOPinTypeWakeHigh), (30 bytes).
    Removing gpio.o(i.GPIOPinTypeWakeLow), (30 bytes).
    Removing gpio.o(i.GPIOPinWakeStatus), (6 bytes).
    Removing gpio.o(i.GPIOPinWrite), (6 bytes).
    Removing interrupt.o(i.IntDisable), (100 bytes).
    Removing interrupt.o(i.IntEnable), (100 bytes).
    Removing interrupt.o(i.IntIsEnabled), (96 bytes).
    Removing interrupt.o(i.IntMasterDisable), (14 bytes).
    Removing interrupt.o(i.IntPendClear), (68 bytes).
    Removing interrupt.o(i.IntPendSet), (84 bytes).
    Removing interrupt.o(i.IntPriorityGet), (28 bytes).
    Removing interrupt.o(i.IntPriorityGroupingGet), (36 bytes).
    Removing interrupt.o(i.IntPriorityGroupingSet), (28 bytes).
    Removing interrupt.o(i.IntPriorityMaskGet), (4 bytes).
    Removing interrupt.o(i.IntPriorityMaskSet), (4 bytes).
    Removing interrupt.o(i.IntPrioritySet), (40 bytes).
    Removing interrupt.o(i.IntRegister), (52 bytes).
    Removing interrupt.o(i.IntTrigger), (12 bytes).
    Removing interrupt.o(i.IntUnregister), (20 bytes).
    Removing interrupt.o(i._IntDefaultHandler), (2 bytes).
    Removing interrupt.o(.constdata), (268 bytes).
    Removing interrupt.o(vtable), (620 bytes).
    Removing sysctl.o(i.SysCtlAltClkConfig), (12 bytes).
    Removing sysctl.o(i.SysCtlClockFreqSet), (708 bytes).
    Removing sysctl.o(i.SysCtlClockGet), (340 bytes).
    Removing sysctl.o(i.SysCtlClockOutConfig), (20 bytes).
    Removing sysctl.o(i.SysCtlDeepSleep), (32 bytes).
    Removing sysctl.o(i.SysCtlDeepSleepClockConfigSet), (112 bytes).
    Removing sysctl.o(i.SysCtlDeepSleepClockSet), (12 bytes).
    Removing sysctl.o(i.SysCtlDeepSleepPowerSet), (12 bytes).
    Removing sysctl.o(i.SysCtlFlashSectorSizeGet), (56 bytes).
    Removing sysctl.o(i.SysCtlFlashSizeGet), (56 bytes).
    Removing sysctl.o(i.SysCtlGPIOAHBDisable), (28 bytes).
    Removing sysctl.o(i.SysCtlGPIOAHBEnable), (24 bytes).
    Removing sysctl.o(i.SysCtlIntClear), (12 bytes).
    Removing sysctl.o(i.SysCtlIntDisable), (16 bytes).
    Removing sysctl.o(i.SysCtlIntEnable), (16 bytes).
    Removing sysctl.o(i.SysCtlIntRegister), (20 bytes).
    Removing sysctl.o(i.SysCtlIntStatus), (16 bytes).
    Removing sysctl.o(i.SysCtlIntUnregister), (18 bytes).
    Removing sysctl.o(i.SysCtlLDODeepSleepGet), (12 bytes).
    Removing sysctl.o(i.SysCtlLDODeepSleepSet), (12 bytes).
    Removing sysctl.o(i.SysCtlLDOSleepGet), (12 bytes).
    Removing sysctl.o(i.SysCtlLDOSleepSet), (12 bytes).
    Removing sysctl.o(i.SysCtlMOSCConfigSet), (12 bytes).
    Removing sysctl.o(i.SysCtlNMIClear), (16 bytes).
    Removing sysctl.o(i.SysCtlNMIStatus), (12 bytes).
    Removing sysctl.o(i.SysCtlPIOSCCalibrate), (76 bytes).
    Removing sysctl.o(i.SysCtlPWMClockGet), (24 bytes).
    Removing sysctl.o(i.SysCtlPWMClockSet), (20 bytes).
    Removing sysctl.o(i.SysCtlPeripheralClockGating), (68 bytes).
    Removing sysctl.o(i.SysCtlPeripheralDeepSleepDisable), (40 bytes).
    Removing sysctl.o(i.SysCtlPeripheralDeepSleepEnable), (40 bytes).
    Removing sysctl.o(i.SysCtlPeripheralDisable), (40 bytes).
    Removing sysctl.o(i.SysCtlPeripheralPowerOff), (40 bytes).
    Removing sysctl.o(i.SysCtlPeripheralPowerOn), (40 bytes).
    Removing sysctl.o(i.SysCtlPeripheralPresent), (44 bytes).
    Removing sysctl.o(i.SysCtlPeripheralReset), (60 bytes).
    Removing sysctl.o(i.SysCtlPeripheralSleepDisable), (40 bytes).
    Removing sysctl.o(i.SysCtlPeripheralSleepEnable), (40 bytes).
    Removing sysctl.o(i.SysCtlReset), (16 bytes).
    Removing sysctl.o(i.SysCtlResetBehaviorGet), (12 bytes).
    Removing sysctl.o(i.SysCtlResetBehaviorSet), (12 bytes).
    Removing sysctl.o(i.SysCtlResetCauseClear), (16 bytes).
    Removing sysctl.o(i.SysCtlResetCauseGet), (12 bytes).
    Removing sysctl.o(i.SysCtlSRAMSizeGet), (16 bytes).
    Removing sysctl.o(i.SysCtlSleep), (4 bytes).
    Removing sysctl.o(i.SysCtlSleepPowerSet), (12 bytes).
    Removing sysctl.o(i.SysCtlUSBPLLDisable), (16 bytes).
    Removing sysctl.o(i.SysCtlUSBPLLEnable), (16 bytes).
    Removing sysctl.o(i.SysCtlVCOGet), (120 bytes).
    Removing sysctl.o(i.SysCtlVoltageEventClear), (16 bytes).
    Removing sysctl.o(i.SysCtlVoltageEventConfig), (12 bytes).
    Removing sysctl.o(i.SysCtlVoltageEventStatus), (12 bytes).
    Removing sysctl.o(.constdata), (596 bytes).
    Removing systick.o(i.SysTickDisable), (14 bytes).
    Removing systick.o(i.SysTickIntDisable), (14 bytes).
    Removing systick.o(i.SysTickIntRegister), (24 bytes).
    Removing systick.o(i.SysTickIntUnregister), (18 bytes).
    Removing systick.o(i.SysTickPeriodGet), (10 bytes).
    Removing systick.o(i.SysTickValueGet), (8 bytes).
    Removing timer.o(i.TimerADCEventGet), (4 bytes).
    Removing timer.o(i.TimerADCEventSet), (4 bytes).
    Removing timer.o(i.TimerClockSourceGet), (6 bytes).
    Removing timer.o(i.TimerClockSourceSet), (6 bytes).
    Removing timer.o(i.TimerConfigure), (96 bytes).
    Removing timer.o(i.TimerControlEvent), (18 bytes).
    Removing timer.o(i.TimerControlLevel), (22 bytes).
    Removing timer.o(i.TimerControlStall), (22 bytes).
    Removing timer.o(i.TimerControlTrigger), (80 bytes).
    Removing timer.o(i.TimerControlWaitOnTrigger), (48 bytes).
    Removing timer.o(i.TimerDMAEventGet), (4 bytes).
    Removing timer.o(i.TimerDMAEventSet), (4 bytes).
    Removing timer.o(i.TimerDisable), (16 bytes).
    Removing timer.o(i.TimerEnable), (14 bytes).
    Removing timer.o(i.TimerIntDisable), (10 bytes).
    Removing timer.o(i.TimerIntEnable), (8 bytes).
    Removing timer.o(i.TimerIntRegister), (104 bytes).
    Removing timer.o(i.TimerIntStatus), (10 bytes).
    Removing timer.o(i.TimerIntUnregister), (104 bytes).
    Removing timer.o(i.TimerLoadGet), (10 bytes).
    Removing timer.o(i.TimerLoadGet64), (14 bytes).
    Removing timer.o(i.TimerLoadSet), (18 bytes).
    Removing timer.o(i.TimerLoadSet64), (6 bytes).
    Removing timer.o(i.TimerMatchGet), (10 bytes).
    Removing timer.o(i.TimerMatchGet64), (14 bytes).
    Removing timer.o(i.TimerMatchSet), (18 bytes).
    Removing timer.o(i.TimerMatchSet64), (6 bytes).
    Removing timer.o(i.TimerPrescaleGet), (10 bytes).
    Removing timer.o(i.TimerPrescaleMatchGet), (10 bytes).
    Removing timer.o(i.TimerPrescaleMatchSet), (18 bytes).
    Removing timer.o(i.TimerPrescaleSet), (18 bytes).
    Removing timer.o(i.TimerRTCDisable), (10 bytes).
    Removing timer.o(i.TimerRTCEnable), (10 bytes).
    Removing timer.o(i.TimerSynchronize), (4 bytes).
    Removing timer.o(i.TimerUpdateMode), (42 bytes).
    Removing timer.o(i.TimerValueGet), (10 bytes).
    Removing timer.o(i.TimerValueGet64), (14 bytes).
    Removing timer.o(.constdata), (160 bytes).
    Removing uart.o(i.UART9BitAddrSend), (38 bytes).
    Removing uart.o(i.UART9BitAddrSet), (10 bytes).
    Removing uart.o(i.UART9BitDisable), (14 bytes).
    Removing uart.o(i.UART9BitEnable), (14 bytes).
    Removing uart.o(i.UARTBreakCtl), (18 bytes).
    Removing uart.o(i.UARTBusy), (8 bytes).
    Removing uart.o(i.UARTCharGet), (12 bytes).
    Removing uart.o(i.UARTCharGetNonBlocking), (16 bytes).
    Removing uart.o(i.UARTCharPutNonBlocking), (16 bytes).
    Removing uart.o(i.UARTCharsAvail), (10 bytes).
    Removing uart.o(i.UARTClockSourceGet), (6 bytes).
    Removing uart.o(i.UARTConfigGetExpClk), (46 bytes).
    Removing uart.o(i.UARTConfigSetExpClk), (110 bytes).
    Removing uart.o(i.UARTDMADisable), (10 bytes).
    Removing uart.o(i.UARTDMAEnable), (8 bytes).
    Removing uart.o(i.UARTDisable), (30 bytes).
    Removing uart.o(i.UARTDisableSIR), (10 bytes).
    Removing uart.o(i.UARTEnable), (20 bytes).
    Removing uart.o(i.UARTEnableSIR), (18 bytes).
    Removing uart.o(i.UARTFIFODisable), (10 bytes).
    Removing uart.o(i.UARTFIFOEnable), (10 bytes).
    Removing uart.o(i.UARTFIFOLevelGet), (16 bytes).
    Removing uart.o(i.UARTFIFOLevelSet), (6 bytes).
    Removing uart.o(i.UARTFlowControlGet), (8 bytes).
    Removing uart.o(i.UARTFlowControlSet), (12 bytes).
    Removing uart.o(i.UARTIntClear), (4 bytes).
    Removing uart.o(i.UARTIntDisable), (10 bytes).
    Removing uart.o(i.UARTIntEnable), (8 bytes).
    Removing uart.o(i.UARTIntRegister), (88 bytes).
    Removing uart.o(i.UARTIntStatus), (10 bytes).
    Removing uart.o(i.UARTIntUnregister), (88 bytes).
    Removing uart.o(i.UARTLoopbackEnable), (10 bytes).
    Removing uart.o(i.UARTModemControlClear), (14 bytes).
    Removing uart.o(i.UARTModemControlGet), (8 bytes).
    Removing uart.o(i.UARTModemControlSet), (12 bytes).
    Removing uart.o(i.UARTModemStatusGet), (10 bytes).
    Removing uart.o(i.UARTParityModeGet), (8 bytes).
    Removing uart.o(i.UARTParityModeSet), (12 bytes).
    Removing uart.o(i.UARTRxErrorClear), (6 bytes).
    Removing uart.o(i.UARTRxErrorGet), (8 bytes).
    Removing uart.o(i.UARTSmartCardDisable), (10 bytes).
    Removing uart.o(i.UARTSmartCardEnable), (22 bytes).
    Removing uart.o(i.UARTSpaceAvail), (10 bytes).
    Removing uart.o(i.UARTTxIntModeGet), (8 bytes).
    Removing uart.o(i.UARTTxIntModeSet), (12 bytes).
    Removing uart.o(.constdata), (128 bytes).

248 unused section(s) (total 10805 bytes) removed from the image.

==============================================================================

Image Symbol Table

    Local Symbols

    Symbol Name                              Value     Ov Type        Size  Object(Section)

    RESET                                    0x00000000   Section      648  startup_rvmdk.o(RESET)
    ../clib/angel/boardlib.s                 0x00000000   Number         0  boardinit1.o ABSOLUTE
    ../clib/angel/boardlib.s                 0x00000000   Number         0  boardinit2.o ABSOLUTE
    ../clib/angel/boardlib.s                 0x00000000   Number         0  boardinit3.o ABSOLUTE
    ../clib/angel/boardlib.s                 0x00000000   Number         0  boardshut.o ABSOLUTE
    ../clib/angel/handlers.s                 0x00000000   Number         0  __scatter_zi.o ABSOLUTE
    ../clib/angel/handlers.s                 0x00000000   Number         0  __scatter_copy.o ABSOLUTE
    ../clib/angel/kernel.s                   0x00000000   Number         0  __rtentry2.o ABSOLUTE
    ../clib/angel/kernel.s                   0x00000000   Number         0  rtexit.o ABSOLUTE
    ../clib/angel/kernel.s                   0x00000000   Number         0  __rtentry4.o ABSOLUTE
    ../clib/angel/kernel.s                   0x00000000   Number         0  __rtentry.o ABSOLUTE
    ../clib/angel/kernel.s                   0x00000000   Number         0  rtexit2.o ABSOLUTE
    ../clib/angel/rt.s                       0x00000000   Number         0  rt_raise.o ABSOLUTE
    ../clib/angel/scatter.s                  0x00000000   Number         0  __scatter.o ABSOLUTE
    ../clib/angel/startup.s                  0x00000000   Number         0  __main.o ABSOLUTE
    ../clib/angel/sys.s                      0x00000000   Number         0  indicate_semi.o ABSOLUTE
    ../clib/angel/sys.s                      0x00000000   Number         0  use_no_semi.o ABSOLUTE
    ../clib/angel/sys.s                      0x00000000   Number         0  sys_stackheap_outer.o ABSOLUTE
    ../clib/angel/sys.s                      0x00000000   Number         0  libspace.o ABSOLUTE
    ../clib/angel/sysapp.c                   0x00000000   Number         0  sys_command.o ABSOLUTE
    ../clib/armsys.c                         0x00000000   Number         0  _get_argv_nomalloc.o ABSOLUTE
    ../clib/armsys.c                         0x00000000   Number         0  no_argv.o ABSOLUTE
    ../clib/armsys.c                         0x00000000   Number         0  argv_veneer.o ABSOLUTE
    ../clib/armsys.c                         0x00000000   Number         0  argv_veneer.o ABSOLUTE
    ../clib/heapalloc.c                      0x00000000   Number         0  hrguard.o ABSOLUTE
    ../clib/heapaux.c                        0x00000000   Number         0  heapauxi.o ABSOLUTE
    ../clib/libinit.s                        0x00000000   Number         0  libshutdown.o ABSOLUTE
    ../clib/libinit.s                        0x00000000   Number         0  libshutdown2.o ABSOLUTE
    ../clib/libinit.s                        0x00000000   Number         0  libinit.o ABSOLUTE
    ../clib/libinit.s                        0x00000000   Number         0  libinit2.o ABSOLUTE
    ../clib/memcpset.s                       0x00000000   Number         0  rt_memclr_w.o ABSOLUTE
    ../clib/printf.c                         0x00000000   Number         0  _printf_intcommon.o ABSOLUTE
    ../clib/printf.c                         0x00000000   Number         0  _printf_char.o ABSOLUTE
    ../clib/printf.c                         0x00000000   Number         0  _printf_char_file.o ABSOLUTE
    ../clib/printf.c                         0x00000000   Number         0  __printf_nopercent.o ABSOLUTE
    ../clib/printf.c                         0x00000000   Number         0  _printf_char_common.o ABSOLUTE
    ../clib/printf.c                         0x00000000   Number         0  __2printf.o ABSOLUTE
    ../clib/printf.c                         0x00000000   Number         0  noretval__2printf.o ABSOLUTE
    ../clib/printf.c                         0x00000000   Number         0  __printf.o ABSOLUTE
    ../clib/printf.c                         0x00000000   Number         0  _printf_str.o ABSOLUTE
    ../clib/printf.c                         0x00000000   Number         0  _printf_dec.o ABSOLUTE
    ../clib/printf.c                         0x00000000   Number         0  __printf_flags.o ABSOLUTE
    ../clib/printf.c                         0x00000000   Number         0  __printf_ss.o ABSOLUTE
    ../clib/printf.c                         0x00000000   Number         0  __printf_flags_ss.o ABSOLUTE
    ../clib/printf.c                         0x00000000   Number         0  __printf_wp.o ABSOLUTE
    ../clib/printf.c                         0x00000000   Number         0  __printf_flags_wp.o ABSOLUTE
    ../clib/printf.c                         0x00000000   Number         0  __printf_ss_wp.o ABSOLUTE
    ../clib/printf.c                         0x00000000   Number         0  __printf_flags_ss_wp.o ABSOLUTE
    ../clib/printf_percent.s                 0x00000000   Number         0  _printf_percent_end.o ABSOLUTE
    ../clib/printf_percent.s                 0x00000000   Number         0  _printf_i.o ABSOLUTE
    ../clib/printf_percent.s                 0x00000000   Number         0  _printf_d.o ABSOLUTE
    ../clib/printf_percent.s                 0x00000000   Number         0  _printf_percent.o ABSOLUTE
    ../clib/printf_percent.s                 0x00000000   Number         0  _printf_c.o ABSOLUTE
    ../clib/printf_percent.s                 0x00000000   Number         0  _printf_s.o ABSOLUTE
    ../clib/signal.c                         0x00000000   Number         0  defsig_segv_inner.o ABSOLUTE
    ../clib/signal.c                         0x00000000   Number         0  defsig_cppl_inner.o ABSOLUTE
    ../clib/signal.c                         0x00000000   Number         0  defsig_rtmem_outer.o ABSOLUTE
    ../clib/signal.c                         0x00000000   Number         0  defsig_exit.o ABSOLUTE
    ../clib/signal.c                         0x00000000   Number         0  defsig_rtmem_inner.o ABSOLUTE
    ../clib/signal.c                         0x00000000   Number         0  __raise.o ABSOLUTE
    ../clib/signal.c                         0x00000000   Number         0  defsig_general.o ABSOLUTE
    ../clib/signal.c                         0x00000000   Number         0  defsig_fpe_inner.o ABSOLUTE
    ../clib/signal.c                         0x00000000   Number         0  defsig_rtmem_formal.o ABSOLUTE
    ../clib/signal.c                         0x00000000   Number         0  defsig_abrt_inner.o ABSOLUTE
    ../clib/signal.c                         0x00000000   Number         0  defsig_rtred_inner.o ABSOLUTE
    ../clib/signal.c                         0x00000000   Number         0  defsig_stak_inner.o ABSOLUTE
    ../clib/signal.c                         0x00000000   Number         0  defsig_pvfn_inner.o ABSOLUTE
    ../clib/signal.c                         0x00000000   Number         0  defsig_other.o ABSOLUTE
    ../clib/signal.s                         0x00000000   Number         0  defsig.o ABSOLUTE
    ../clib/stdio.c                          0x00000000   Number         0  puts.o ABSOLUTE
    ../clib/stdlib.c                         0x00000000   Number         0  exit.o ABSOLUTE
    ../fplib/fpinit.s                        0x00000000   Number         0  fpinit.o ABSOLUTE
    Source\ES_CheckEvents.c                  0x00000000   Number         0  es_checkevents.o ABSOLUTE
    Source\ES_DeferRecall.c                  0x00000000   Number         0  es_deferrecall.o ABSOLUTE
    Source\ES_Framework.c                    0x00000000   Number         0  es_framework.o ABSOLUTE
    Source\ES_LookupTables.c                 0x00000000   Number         0  es_lookuptables.o ABSOLUTE
    Source\ES_Port.c                         0x00000000   Number         0  es_port.o ABSOLUTE
    Source\ES_PostList.c                     0x00000000   Number         0  es_postlist.o ABSOLUTE
    Source\ES_Queue.c                        0x00000000   Number         0  es_queue.o ABSOLUTE
    Source\ES_ShortTimer.c                   0x00000000   Number         0  es_shorttimer.o ABSOLUTE
    Source\ES_Timers.c                       0x00000000   Number         0  es_timers.o ABSOLUTE
    Source\EventCheckers.c                   0x00000000   Number         0  eventcheckers.o ABSOLUTE
    Source\MS_CAN_top_layer.c                0x00000000   Number         0  ms_can_top_layer.o ABSOLUTE
    Source\Master_Main_Service.c             0x00000000   Number         0  master_main_service.o ABSOLUTE
    Source\TemplateFSM.c                     0x00000000   Number         0  templatefsm.o ABSOLUTE
    Source\TestHarnessService0.c             0x00000000   Number         0  testharnessservice0.o ABSOLUTE
    Source\main.c                            0x00000000   Number         0  main.o ABSOLUTE
    Source\retarget.c                        0x00000000   Number         0  retarget.o ABSOLUTE
    Source\termio.c                          0x00000000   Number         0  termio.o ABSOLUTE
    Source\uartstdio.c                       0x00000000   Number         0  uartstdio.o ABSOLUTE
    StartUp\startup_rvmdk.S                  0x00000000   Number         0  startup_rvmdk.o ABSOLUTE
    can.c                                    0x00000000   Number         0  can.o ABSOLUTE
    cpu.c                                    0x00000000   Number         0  cpu.o ABSOLUTE
    cpu.c                                    0x00000000   Number         0  cpu.o ABSOLUTE
    dc.s                                     0x00000000   Number         0  dc.o ABSOLUTE
    gpio.c                                   0x00000000   Number         0  gpio.o ABSOLUTE
    interrupt.c                              0x00000000   Number         0  interrupt.o ABSOLUTE
    sysctl.c                                 0x00000000   Number         0  sysctl.o ABSOLUTE
    sysctl.c                                 0x00000000   Number         0  sysctl.o ABSOLUTE
    systick.c                                0x00000000   Number         0  systick.o ABSOLUTE
    timer.c                                  0x00000000   Number         0  timer.o ABSOLUTE
    uart.c                                   0x00000000   Number         0  uart.o ABSOLUTE
    $v0                                      0x0000026c   Number         0  startup_rvmdk.o(RESET)
    NmiSR                                    0x00000281   Thumb Code     0  startup_rvmdk.o(RESET)
    FaultISR                                 0x00000283   Thumb Code     0  startup_rvmdk.o(RESET)
    IntDefaultHandler                        0x00000285   Thumb Code     0  startup_rvmdk.o(RESET)
    !!!main                                  0x00000288   Section        8  __main.o(!!!main)
    !!!scatter                               0x00000290   Section       52  __scatter.o(!!!scatter)
    !!handler_copy                           0x000002c4   Section       26  __scatter_copy.o(!!handler_copy)
    !!handler_zi                             0x000002e0   Section       28  __scatter_zi.o(!!handler_zi)
    .ARM.Collect$$_printf_percent$$00000000  0x000002fc   Section        0  _printf_percent.o(.ARM.Collect$$_printf_percent$$00000000)
    .ARM.Collect$$_printf_percent$$00000008  0x000002fc   Section        6  _printf_i.o(.ARM.Collect$$_printf_percent$$00000008)
    .ARM.Collect$$_printf_percent$$00000009  0x00000302   Section        6  _printf_d.o(.ARM.Collect$$_printf_percent$$00000009)
    .ARM.Collect$$_printf_percent$$00000014  0x00000308   Section        6  _printf_s.o(.ARM.Collect$$_printf_percent$$00000014)
    .ARM.Collect$$_printf_percent$$00000017  0x0000030e   Section        4  _printf_percent_end.o(.ARM.Collect$$_printf_percent$$00000017)
    .ARM.Collect$$libinit$$00000000          0x00000312   Section        2  libinit.o(.ARM.Collect$$libinit$$00000000)
    .ARM.Collect$$libinit$$00000001          0x00000314   Section        4  libinit2.o(.ARM.Collect$$libinit$$00000001)
    .ARM.Collect$$libinit$$00000004          0x00000318   Section        0  libinit2.o(.ARM.Collect$$libinit$$00000004)
    .ARM.Collect$$libinit$$0000000A          0x00000318   Section        0  libinit2.o(.ARM.Collect$$libinit$$0000000A)
    .ARM.Collect$$libinit$$0000000C          0x00000318   Section        0  libinit2.o(.ARM.Collect$$libinit$$0000000C)
    .ARM.Collect$$libinit$$0000000E          0x00000318   Section        0  libinit2.o(.ARM.Collect$$libinit$$0000000E)
    .ARM.Collect$$libinit$$00000011          0x00000318   Section        0  libinit2.o(.ARM.Collect$$libinit$$00000011)
    .ARM.Collect$$libinit$$00000013          0x00000318   Section        0  libinit2.o(.ARM.Collect$$libinit$$00000013)
    .ARM.Collect$$libinit$$00000015          0x00000318   Section        0  libinit2.o(.ARM.Collect$$libinit$$00000015)
    .ARM.Collect$$libinit$$00000017          0x00000318   Section        0  libinit2.o(.ARM.Collect$$libinit$$00000017)
    .ARM.Collect$$libinit$$00000019          0x00000318   Section        0  libinit2.o(.ARM.Collect$$libinit$$00000019)
    .ARM.Collect$$libinit$$0000001B          0x00000318   Section        0  libinit2.o(.ARM.Collect$$libinit$$0000001B)
    .ARM.Collect$$libinit$$0000001D          0x00000318   Section        0  libinit2.o(.ARM.Collect$$libinit$$0000001D)
    .ARM.Collect$$libinit$$0000001F          0x00000318   Section        0  libinit2.o(.ARM.Collect$$libinit$$0000001F)
    .ARM.Collect$$libinit$$00000021          0x00000318   Section        0  libinit2.o(.ARM.Collect$$libinit$$00000021)
    .ARM.Collect$$libinit$$00000023          0x00000318   Section        0  libinit2.o(.ARM.Collect$$libinit$$00000023)
    .ARM.Collect$$libinit$$00000025          0x00000318   Section        0  libinit2.o(.ARM.Collect$$libinit$$00000025)
    .ARM.Collect$$libinit$$0000002C          0x00000318   Section        0  libinit2.o(.ARM.Collect$$libinit$$0000002C)
    .ARM.Collect$$libinit$$0000002E          0x00000318   Section        0  libinit2.o(.ARM.Collect$$libinit$$0000002E)
    .ARM.Collect$$libinit$$00000030          0x00000318   Section        0  libinit2.o(.ARM.Collect$$libinit$$00000030)
    .ARM.Collect$$libinit$$00000032          0x00000318   Section        0  libinit2.o(.ARM.Collect$$libinit$$00000032)
    .ARM.Collect$$libinit$$00000033          0x00000318   Section        2  libinit2.o(.ARM.Collect$$libinit$$00000033)
    .ARM.Collect$$libshutdown$$00000000      0x0000031a   Section        2  libshutdown.o(.ARM.Collect$$libshutdown$$00000000)
    .ARM.Collect$$libshutdown$$00000002      0x0000031c   Section        0  libshutdown2.o(.ARM.Collect$$libshutdown$$00000002)
    .ARM.Collect$$libshutdown$$00000004      0x0000031c   Section        0  libshutdown2.o(.ARM.Collect$$libshutdown$$00000004)
    .ARM.Collect$$libshutdown$$00000007      0x0000031c   Section        0  libshutdown2.o(.ARM.Collect$$libshutdown$$00000007)
    .ARM.Collect$$libshutdown$$0000000A      0x0000031c   Section        0  libshutdown2.o(.ARM.Collect$$libshutdown$$0000000A)
    .ARM.Collect$$libshutdown$$0000000C      0x0000031c   Section        0  libshutdown2.o(.ARM.Collect$$libshutdown$$0000000C)
    .ARM.Collect$$libshutdown$$0000000F      0x0000031c   Section        0  libshutdown2.o(.ARM.Collect$$libshutdown$$0000000F)
    .ARM.Collect$$libshutdown$$00000010      0x0000031c   Section        2  libshutdown2.o(.ARM.Collect$$libshutdown$$00000010)
    .ARM.Collect$$rtentry$$00000000          0x0000031e   Section        0  __rtentry.o(.ARM.Collect$$rtentry$$00000000)
    .ARM.Collect$$rtentry$$00000002          0x0000031e   Section        0  __rtentry2.o(.ARM.Collect$$rtentry$$00000002)
    .ARM.Collect$$rtentry$$00000004          0x0000031e   Section        6  __rtentry4.o(.ARM.Collect$$rtentry$$00000004)
    .ARM.Collect$$rtentry$$00000009          0x00000324   Section        0  __rtentry2.o(.ARM.Collect$$rtentry$$00000009)
    .ARM.Collect$$rtentry$$0000000A          0x00000324   Section        4  __rtentry2.o(.ARM.Collect$$rtentry$$0000000A)
    .ARM.Collect$$rtentry$$0000000C          0x00000328   Section        0  __rtentry2.o(.ARM.Collect$$rtentry$$0000000C)
    .ARM.Collect$$rtentry$$0000000D          0x00000328   Section        8  __rtentry2.o(.ARM.Collect$$rtentry$$0000000D)
    .ARM.Collect$$rtexit$$00000000           0x00000330   Section        2  rtexit.o(.ARM.Collect$$rtexit$$00000000)
    .ARM.Collect$$rtexit$$00000002           0x00000332   Section        0  rtexit2.o(.ARM.Collect$$rtexit$$00000002)
    .ARM.Collect$$rtexit$$00000003           0x00000332   Section        4  rtexit2.o(.ARM.Collect$$rtexit$$00000003)
    .ARM.Collect$$rtexit$$00000004           0x00000336   Section        6  rtexit2.o(.ARM.Collect$$rtexit$$00000004)
    .emb_text                                0x0000033c   Section        6  sysctl.o(.emb_text)
    $v0                                      0x0000033c   Number         0  sysctl.o(.emb_text)
    .emb_text                                0x00000344   Section       38  cpu.o(.emb_text)
    $v0                                      0x00000344   Number         0  cpu.o(.emb_text)
    .text                                    0x0000036c   Section       24  startup_rvmdk.o(.text)
    $v0                                      0x0000036c   Number         0  startup_rvmdk.o(.text)
    .text                                    0x00000384   Section        2  use_no_semi.o(.text)
    .text                                    0x00000388   Section        0  noretval__2printf.o(.text)
    .text                                    0x000003a0   Section        0  __printf.o(.text)
    .text                                    0x00000408   Section        0  _printf_str.o(.text)
    .text                                    0x0000045c   Section        0  _printf_dec.o(.text)
    .text                                    0x000004d4   Section        0  puts.o(.text)
    .text                                    0x00000500   Section       78  rt_memclr_w.o(.text)
    .text                                    0x0000054e   Section        0  heapauxi.o(.text)
    .text                                    0x00000554   Section        0  _printf_intcommon.o(.text)
    .text                                    0x00000606   Section        0  _printf_char.o(.text)
    .text                                    0x00000634   Section        0  _printf_char_file.o(.text)
    .text                                    0x00000658   Section        0  _printf_char_common.o(.text)
    _printf_input_char                       0x00000659   Thumb Code    10  _printf_char_common.o(.text)
    .text                                    0x00000688   Section       74  sys_stackheap_outer.o(.text)
    .text                                    0x000006d2   Section        0  exit.o(.text)
    .text                                    0x000006e4   Section        8  libspace.o(.text)
    i.CANBitTimingSet                        0x000006ec   Section        0  can.o(i.CANBitTimingSet)
    i.CANEnable                              0x00000756   Section        0  can.o(i.CANEnable)
    i.CANInit                                0x00000760   Section        0  can.o(i.CANInit)
    i.CANIntClear                            0x000007a2   Section        0  can.o(i.CANIntClear)
    i.CANIntEnable                           0x000007cc   Section        0  can.o(i.CANIntEnable)
    i.CANIntStatus                           0x000007d4   Section        0  can.o(i.CANIntStatus)
    i.CANMessageGet                          0x000007f4   Section        0  can.o(i.CANMessageGet)
    i.CANMessageSet                          0x0000096e   Section        0  can.o(i.CANMessageSet)
    i.CANRetrySet                            0x00000ad4   Section        0  can.o(i.CANRetrySet)
    i.CANStatusGet                           0x00000ae6   Section        0  can.o(i.CANStatusGet)
    i.CAN_Internal_Bus_ISR                   0x00000b2c   Section        0  ms_can_top_layer.o(i.CAN_Internal_Bus_ISR)
    i.CAN_Master_Command_Slave               0x00000b98   Section        0  ms_can_top_layer.o(i.CAN_Master_Command_Slave)
    i.CPUgetPRIMASK_cpsid                    0x00000bec   Section        0  es_port.o(i.CPUgetPRIMASK_cpsid)
    i.CPUsetPRIMASK                          0x00000bf4   Section        0  es_port.o(i.CPUsetPRIMASK)
    i.Check4Keystroke                        0x00000bfa   Section        0  eventcheckers.o(i.Check4Keystroke)
    i.ES_CheckUserEvents                     0x00000c00   Section        0  es_checkevents.o(i.ES_CheckUserEvents)
    i.ES_DeQueue                             0x00000c28   Section        0  es_queue.o(i.ES_DeQueue)
    i.ES_EnQueueFIFO                         0x00000c7c   Section        0  es_queue.o(i.ES_EnQueueFIFO)
    i.ES_GetMSBitSet                         0x00000cc4   Section        0  es_lookuptables.o(i.ES_GetMSBitSet)
    i.ES_InitQueue                           0x00000cf8   Section        0  es_queue.o(i.ES_InitQueue)
    i.ES_Initialize                          0x00000d08   Section        0  es_framework.o(i.ES_Initialize)
    i.ES_PostToService                       0x00000d54   Section        0  es_framework.o(i.ES_PostToService)
    i.ES_Run                                 0x00000d84   Section        0  es_framework.o(i.ES_Run)
    i.ES_Timer_Init                          0x00000de4   Section        0  es_timers.o(i.ES_Timer_Init)
    i.ES_Timer_InitTimer                     0x00000de8   Section        0  es_timers.o(i.ES_Timer_InitTimer)
    i.ES_Timer_Tick_Resp                     0x00000e24   Section        0  es_timers.o(i.ES_Timer_Tick_Resp)
    i.GPIODirModeSet                         0x00000e90   Section        0  gpio.o(i.GPIODirModeSet)
    i.GPIOPadConfigSet                       0x00000eb8   Section        0  gpio.o(i.GPIOPadConfigSet)
    i.GPIOPinConfigure                       0x00000ff0   Section        0  gpio.o(i.GPIOPinConfigure)
    i.GPIOPinTypeUART                        0x00001034   Section        0  gpio.o(i.GPIOPinTypeUART)
    i.Init_Master_Main_Service               0x00001050   Section        0  master_main_service.o(i.Init_Master_Main_Service)
    i.Initialize_CAN_Internal_Bus            0x000010cc   Section        0  ms_can_top_layer.o(i.Initialize_CAN_Internal_Bus)
    i.IntMasterEnable                        0x00001130   Section        0  interrupt.o(i.IntMasterEnable)
    i.Post_Master_Main_Service               0x00001140   Section        0  master_main_service.o(i.Post_Master_Main_Service)
    i.Run_Master_Main_Service                0x00001150   Section        0  master_main_service.o(i.Run_Master_Main_Service)
    i.ShortTimerAHandler                     0x000011c4   Section        0  es_shorttimer.o(i.ShortTimerAHandler)
    i.ShortTimerBHandler                     0x000011f8   Section        0  es_shorttimer.o(i.ShortTimerBHandler)
    i.SysCtlClockSet                         0x00001230   Section        0  sysctl.o(i.SysCtlClockSet)
    i.SysCtlPeripheralEnable                 0x00001350   Section        0  sysctl.o(i.SysCtlPeripheralEnable)
    i.SysCtlPeripheralReady                  0x00001378   Section        0  sysctl.o(i.SysCtlPeripheralReady)
    i.SysTickEnable                          0x000013a4   Section        0  systick.o(i.SysTickEnable)
    i.SysTickIntEnable                       0x000013b2   Section        0  systick.o(i.SysTickIntEnable)
    i.SysTickIntHandler                      0x000013c0   Section        0  es_port.o(i.SysTickIntHandler)
    i.SysTickPeriodSet                       0x000013d4   Section        0  systick.o(i.SysTickPeriodSet)
    i.TERMIO_Init                            0x000013e0   Section        0  termio.o(i.TERMIO_Init)
    i.TERMIO_PutChar                         0x00001430   Section        0  termio.o(i.TERMIO_PutChar)
    i.TimerIntClear                          0x0000143c   Section        0  timer.o(i.TimerIntClear)
    i.UARTCharPut                            0x00001440   Section        0  uart.o(i.UARTCharPut)
    i.UARTClockSourceSet                     0x0000144c   Section        0  uart.o(i.UARTClockSourceSet)
    i.UARTStdioConfig                        0x00001454   Section        0  uartstdio.o(i.UARTStdioConfig)
    i._HW_Process_Pending_Ints               0x000014b0   Section        0  es_port.o(i._HW_Process_Pending_Ints)
    i._HW_Timer_Init                         0x000014d0   Section        0  es_port.o(i._HW_Timer_Init)
    i._sys_exit                              0x000014e6   Section        0  retarget.o(i._sys_exit)
    i.ferror                                 0x000014e8   Section        0  retarget.o(i.ferror)
    i.fputc                                  0x000014ee   Section        0  retarget.o(i.fputc)
    i.main                                   0x000014fc   Section        0  main.o(i.main)
    x$fpl$fpinit                             0x000016cc   Section       10  fpinit.o(x$fpl$fpinit)
    $v0                                      0x000016cc   Number         0  fpinit.o(x$fpl$fpinit)
    .constdata                               0x000016d8   Section        4  es_checkevents.o(.constdata)
    ES_EventList                             0x000016d8   Data           4  es_checkevents.o(.constdata)
    .constdata                               0x000016dc   Section       16  es_framework.o(.constdata)
    ServDescList                             0x000016dc   Data           8  es_framework.o(.constdata)
    EventQueues                              0x000016e4   Data           8  es_framework.o(.constdata)
    .constdata                               0x000016ec   Section       32  es_lookuptables.o(.constdata)
    .constdata                               0x0000170c   Section       15  es_lookuptables.o(.constdata)
    .constdata                               0x0000171c   Section       64  es_timers.o(.constdata)
    Timer2PostFunc                           0x0000171c   Data          64  es_timers.o(.constdata)
    .constdata                               0x0000175c   Section       28  uartstdio.o(.constdata)
    g_pcHex                                  0x0000175c   Data           4  uartstdio.o(.constdata)
    g_ui32UARTBase                           0x00001760   Data          12  uartstdio.o(.constdata)
    g_ui32UARTPeriph                         0x0000176c   Data          12  uartstdio.o(.constdata)
    .constdata                               0x00001778   Section      528  gpio.o(.constdata)
    g_ppui32GPIOIntMapBlizzard               0x00001778   Data         192  gpio.o(.constdata)
    g_ppui32GPIOIntMapSnowflake              0x00001838   Data         192  gpio.o(.constdata)
    g_pui32GPIOBaseAddrs                     0x000018f8   Data         144  gpio.o(.constdata)
    .conststring                             0x00001988   Section       17  uartstdio.o(.conststring)
    .data                                    0x20000000   Section        2  es_shorttimer.o(.data)
    Timer_A_Priority                         0x20000000   Data           1  es_shorttimer.o(.data)
    Timer_B_Priority                         0x20000001   Data           1  es_shorttimer.o(.data)
    .data                                    0x20000004   Section        8  ms_can_top_layer.o(.data)
    counter                                  0x20000004   Data           1  ms_can_top_layer.o(.data)
    p_My_Node_ID                             0x20000008   Data           4  ms_can_top_layer.o(.data)
    .data                                    0x2000000c   Section       20  master_main_service.o(.data)
    MyPriority                               0x2000000c   Data           1  master_main_service.o(.data)
    My_Current_Command                       0x2000000d   Data           2  master_main_service.o(.data)
    p_My_RX_Data                             0x20000010   Data           4  master_main_service.o(.data)
    p_My_Remote_Data                         0x20000014   Data           4  master_main_service.o(.data)
    p_My_Current_Command                     0x20000018   Data           4  master_main_service.o(.data)
    My_Node_ID                               0x2000001c   Data           4  master_main_service.o(.data)
    .data                                    0x20000020   Section        2  master_main_service.o(.data)
    My_RX_Data                               0x20000020   Data           2  master_main_service.o(.data)
    .data                                    0x20000022   Section        2  master_main_service.o(.data)
    My_Remote_Data                           0x20000022   Data           2  master_main_service.o(.data)
    .data                                    0x20000024   Section        6  es_framework.o(.data)
    ThisEvent                                0x20000026   Data           4  es_framework.o(.data)
    .data                                    0x2000002a   Section        4  es_port.o(.data)
    TickCount                                0x2000002a   Data           1  es_port.o(.data)
    SysTickCounter                           0x2000002c   Data           2  es_port.o(.data)
    .data                                    0x20000030   Section        4  es_queue.o(.data)
    .data                                    0x20000034   Section       10  es_timers.o(.data)
    NextTimer2Process                        0x20000034   Data           1  es_timers.o(.data)
    NeedsProcessing                          0x20000036   Data           2  es_timers.o(.data)
    TMR_ActiveFlags                          0x20000038   Data           2  es_timers.o(.data)
    NewEvent                                 0x2000003a   Data           4  es_timers.o(.data)
    .data                                    0x20000040   Section        4  retarget.o(.data)
    .data                                    0x20000044   Section        8  uartstdio.o(.data)
    bLastWasCR                               0x20000044   Data           1  uartstdio.o(.data)
    g_ui32Base                               0x20000048   Data           4  uartstdio.o(.data)
    .bss                                     0x2000004c   Section       24  es_framework.o(.bss)
    Queue0                                   0x2000004c   Data          24  es_framework.o(.bss)
    .bss                                     0x20000064   Section       32  es_timers.o(.bss)
    TMR_TimerArray                           0x20000064   Data          32  es_timers.o(.bss)
    .bss                                     0x20000084   Section       96  libspace.o(.bss)
    HEAP                                     0x200000e8   Section        0  startup_rvmdk.o(HEAP)
    STACK                                    0x200000e8   Section     2048  startup_rvmdk.o(STACK)
    HeapMem                                  0x200000e8   Data           0  startup_rvmdk.o(HEAP)
    StackMem                                 0x200000e8   Data           0  startup_rvmdk.o(STACK)

    Global Symbols

    Symbol Name                              Value     Ov Type        Size  Object(Section)

    BuildAttributes$$THM_ISAv4$E$P$D$K$B$S$7EM$VFPi3$EXTD16$VFPS$VFMA$PE$A:L22UL41UL21$X:L11$S22US41US21$IEEE1$IW$USESV6$~STKCKD$USESV7$~SHL$OTIME$ROPI$EBA8$UX$STANDARDLIB$REQ8$PRES8$EABIv2 0x00000000   Number         0  anon$$obj.o ABSOLUTE
    __ARM_use_no_argv                        0x00000000   Number         0  main.o ABSOLUTE
    __Vectors                                0x00000000   Data           0  startup_rvmdk.o(RESET)
    __ARM_exceptions_init                     - Undefined Weak Reference
    __alloca_initialize                       - Undefined Weak Reference
    __arm_preinit_                            - Undefined Weak Reference
    __cpp_initialize__aeabi_                  - Undefined Weak Reference
    __cxa_finalize                            - Undefined Weak Reference
    __rt_locale                               - Undefined Weak Reference
    __sigvec_lookup                           - Undefined Weak Reference
    _atexit_init                              - Undefined Weak Reference
    _call_atexit_fns                          - Undefined Weak Reference
    _clock_init                               - Undefined Weak Reference
    _fp_trap_init                             - Undefined Weak Reference
    _fp_trap_shutdown                         - Undefined Weak Reference
    _get_lc_collate                           - Undefined Weak Reference
    _get_lc_ctype                             - Undefined Weak Reference
    _get_lc_monetary                          - Undefined Weak Reference
    _get_lc_numeric                           - Undefined Weak Reference
    _get_lc_time                              - Undefined Weak Reference
    _getenv_init                              - Undefined Weak Reference
    _handle_redirection                       - Undefined Weak Reference
    _init_alloc                               - Undefined Weak Reference
    _init_user_alloc                          - Undefined Weak Reference
    _initio                                   - Undefined Weak Reference
    _printf_mbtowc                            - Undefined Weak Reference
    _printf_post_padding                      - Undefined Weak Reference
    _printf_pre_padding                       - Undefined Weak Reference
    _printf_truncate_signed                   - Undefined Weak Reference
    _printf_truncate_unsigned                 - Undefined Weak Reference
    _rand_init                                - Undefined Weak Reference
    _signal_finish                            - Undefined Weak Reference
    _signal_init                              - Undefined Weak Reference
    _terminate_alloc                          - Undefined Weak Reference
    _terminate_user_alloc                     - Undefined Weak Reference
    _terminateio                              - Undefined Weak Reference
    Reset_Handler                            0x0000026d   Thumb Code     0  startup_rvmdk.o(RESET)
    __main                                   0x00000289   Thumb Code     8  __main.o(!!!main)
    __scatterload                            0x00000291   Thumb Code     0  __scatter.o(!!!scatter)
    __scatterload_rt2                        0x00000291   Thumb Code    44  __scatter.o(!!!scatter)
    __scatterload_rt2_thumb_only             0x00000291   Thumb Code     0  __scatter.o(!!!scatter)
    __scatterload_null                       0x0000029f   Thumb Code     0  __scatter.o(!!!scatter)
    __scatterload_copy                       0x000002c5   Thumb Code    26  __scatter_copy.o(!!handler_copy)
    __scatterload_zeroinit                   0x000002e1   Thumb Code    28  __scatter_zi.o(!!handler_zi)
    _printf_i                                0x000002fd   Thumb Code     0  _printf_i.o(.ARM.Collect$$_printf_percent$$00000008)
    _printf_percent                          0x000002fd   Thumb Code     0  _printf_percent.o(.ARM.Collect$$_printf_percent$$00000000)
    _printf_d                                0x00000303   Thumb Code     0  _printf_d.o(.ARM.Collect$$_printf_percent$$00000009)
    _printf_s                                0x00000309   Thumb Code     0  _printf_s.o(.ARM.Collect$$_printf_percent$$00000014)
    _printf_percent_end                      0x0000030f   Thumb Code     0  _printf_percent_end.o(.ARM.Collect$$_printf_percent$$00000017)
    __rt_lib_init                            0x00000313   Thumb Code     0  libinit.o(.ARM.Collect$$libinit$$00000000)
    __rt_lib_init_fp_1                       0x00000315   Thumb Code     0  libinit2.o(.ARM.Collect$$libinit$$00000001)
    __rt_lib_init_alloca_1                   0x00000319   Thumb Code     0  libinit2.o(.ARM.Collect$$libinit$$0000002E)
    __rt_lib_init_argv_1                     0x00000319   Thumb Code     0  libinit2.o(.ARM.Collect$$libinit$$0000002C)
    __rt_lib_init_atexit_1                   0x00000319   Thumb Code     0  libinit2.o(.ARM.Collect$$libinit$$0000001B)
    __rt_lib_init_clock_1                    0x00000319   Thumb Code     0  libinit2.o(.ARM.Collect$$libinit$$00000021)
    __rt_lib_init_cpp_1                      0x00000319   Thumb Code     0  libinit2.o(.ARM.Collect$$libinit$$00000032)
    __rt_lib_init_exceptions_1               0x00000319   Thumb Code     0  libinit2.o(.ARM.Collect$$libinit$$00000030)
    __rt_lib_init_fp_trap_1                  0x00000319   Thumb Code     0  libinit2.o(.ARM.Collect$$libinit$$0000001F)
    __rt_lib_init_getenv_1                   0x00000319   Thumb Code     0  libinit2.o(.ARM.Collect$$libinit$$00000023)
    __rt_lib_init_heap_1                     0x00000319   Thumb Code     0  libinit2.o(.ARM.Collect$$libinit$$0000000A)
    __rt_lib_init_lc_collate_1               0x00000319   Thumb Code     0  libinit2.o(.ARM.Collect$$libinit$$00000011)
    __rt_lib_init_lc_ctype_1                 0x00000319   Thumb Code     0  libinit2.o(.ARM.Collect$$libinit$$00000013)
    __rt_lib_init_lc_monetary_1              0x00000319   Thumb Code     0  libinit2.o(.ARM.Collect$$libinit$$00000015)
    __rt_lib_init_lc_numeric_1               0x00000319   Thumb Code     0  libinit2.o(.ARM.Collect$$libinit$$00000017)
    __rt_lib_init_lc_time_1                  0x00000319   Thumb Code     0  libinit2.o(.ARM.Collect$$libinit$$00000019)
    __rt_lib_init_preinit_1                  0x00000319   Thumb Code     0  libinit2.o(.ARM.Collect$$libinit$$00000004)
    __rt_lib_init_rand_1                     0x00000319   Thumb Code     0  libinit2.o(.ARM.Collect$$libinit$$0000000E)
    __rt_lib_init_return                     0x00000319   Thumb Code     0  libinit2.o(.ARM.Collect$$libinit$$00000033)
    __rt_lib_init_signal_1                   0x00000319   Thumb Code     0  libinit2.o(.ARM.Collect$$libinit$$0000001D)
    __rt_lib_init_stdio_1                    0x00000319   Thumb Code     0  libinit2.o(.ARM.Collect$$libinit$$00000025)
    __rt_lib_init_user_alloc_1               0x00000319   Thumb Code     0  libinit2.o(.ARM.Collect$$libinit$$0000000C)
    __rt_lib_shutdown                        0x0000031b   Thumb Code     0  libshutdown.o(.ARM.Collect$$libshutdown$$00000000)
    __rt_lib_shutdown_cpp_1                  0x0000031d   Thumb Code     0  libshutdown2.o(.ARM.Collect$$libshutdown$$00000002)
    __rt_lib_shutdown_fp_trap_1              0x0000031d   Thumb Code     0  libshutdown2.o(.ARM.Collect$$libshutdown$$00000007)
    __rt_lib_shutdown_heap_1                 0x0000031d   Thumb Code     0  libshutdown2.o(.ARM.Collect$$libshutdown$$0000000F)
    __rt_lib_shutdown_return                 0x0000031d   Thumb Code     0  libshutdown2.o(.ARM.Collect$$libshutdown$$00000010)
    __rt_lib_shutdown_signal_1               0x0000031d   Thumb Code     0  libshutdown2.o(.ARM.Collect$$libshutdown$$0000000A)
    __rt_lib_shutdown_stdio_1                0x0000031d   Thumb Code     0  libshutdown2.o(.ARM.Collect$$libshutdown$$00000004)
    __rt_lib_shutdown_user_alloc_1           0x0000031d   Thumb Code     0  libshutdown2.o(.ARM.Collect$$libshutdown$$0000000C)
    __rt_entry                               0x0000031f   Thumb Code     0  __rtentry.o(.ARM.Collect$$rtentry$$00000000)
    __rt_entry_presh_1                       0x0000031f   Thumb Code     0  __rtentry2.o(.ARM.Collect$$rtentry$$00000002)
    __rt_entry_sh                            0x0000031f   Thumb Code     0  __rtentry4.o(.ARM.Collect$$rtentry$$00000004)
    __rt_entry_li                            0x00000325   Thumb Code     0  __rtentry2.o(.ARM.Collect$$rtentry$$0000000A)
    __rt_entry_postsh_1                      0x00000325   Thumb Code     0  __rtentry2.o(.ARM.Collect$$rtentry$$00000009)
    __rt_entry_main                          0x00000329   Thumb Code     0  __rtentry2.o(.ARM.Collect$$rtentry$$0000000D)
    __rt_entry_postli_1                      0x00000329   Thumb Code     0  __rtentry2.o(.ARM.Collect$$rtentry$$0000000C)
    __rt_exit                                0x00000331   Thumb Code     0  rtexit.o(.ARM.Collect$$rtexit$$00000000)
    __rt_exit_ls                             0x00000333   Thumb Code     0  rtexit2.o(.ARM.Collect$$rtexit$$00000003)
    __rt_exit_prels_1                        0x00000333   Thumb Code     0  rtexit2.o(.ARM.Collect$$rtexit$$00000002)
    __rt_exit_exit                           0x00000337   Thumb Code     0  rtexit2.o(.ARM.Collect$$rtexit$$00000004)
    SysCtlDelay                              0x0000033d   Thumb Code     6  sysctl.o(.emb_text)
    CPUcpsid                                 0x00000345   Thumb Code     8  cpu.o(.emb_text)
    CPUprimask                               0x0000034d   Thumb Code     6  cpu.o(.emb_text)
    CPUcpsie                                 0x00000353   Thumb Code     8  cpu.o(.emb_text)
    CPUwfi                                   0x0000035b   Thumb Code     4  cpu.o(.emb_text)
    CPUbasepriSet                            0x0000035f   Thumb Code     6  cpu.o(.emb_text)
    CPUbasepriGet                            0x00000365   Thumb Code     6  cpu.o(.emb_text)
    __user_initial_stackheap                 0x0000036d   Thumb Code     0  startup_rvmdk.o(.text)
    __I$use$semihosting                      0x00000385   Thumb Code     0  use_no_semi.o(.text)
    __use_no_semihosting_swi                 0x00000385   Thumb Code     2  use_no_semi.o(.text)
    __2printf                                0x00000389   Thumb Code    20  noretval__2printf.o(.text)
    __printf                                 0x000003a1   Thumb Code   104  __printf.o(.text)
    _printf_str                              0x00000409   Thumb Code    82  _printf_str.o(.text)
    _printf_int_dec                          0x0000045d   Thumb Code   104  _printf_dec.o(.text)
    puts                                     0x000004d5   Thumb Code    40  puts.o(.text)
    __aeabi_memclr4                          0x00000501   Thumb Code     0  rt_memclr_w.o(.text)
    __aeabi_memclr8                          0x00000501   Thumb Code     0  rt_memclr_w.o(.text)
    __rt_memclr_w                            0x00000501   Thumb Code    78  rt_memclr_w.o(.text)
    _memset_w                                0x00000505   Thumb Code     0  rt_memclr_w.o(.text)
    __use_two_region_memory                  0x0000054f   Thumb Code     2  heapauxi.o(.text)
    __rt_heap_escrow$2region                 0x00000551   Thumb Code     2  heapauxi.o(.text)
    __rt_heap_expand$2region                 0x00000553   Thumb Code     2  heapauxi.o(.text)
    _printf_int_common                       0x00000555   Thumb Code   178  _printf_intcommon.o(.text)
    _printf_cs_common                        0x00000607   Thumb Code    20  _printf_char.o(.text)
    _printf_char                             0x0000061b   Thumb Code    16  _printf_char.o(.text)
    _printf_string                           0x0000062b   Thumb Code     8  _printf_char.o(.text)
    _printf_char_file                        0x00000635   Thumb Code    32  _printf_char_file.o(.text)
    _printf_char_common                      0x00000663   Thumb Code    32  _printf_char_common.o(.text)
    __user_setup_stackheap                   0x00000689   Thumb Code    74  sys_stackheap_outer.o(.text)
    exit                                     0x000006d3   Thumb Code    18  exit.o(.text)
    __user_libspace                          0x000006e5   Thumb Code     8  libspace.o(.text)
    __user_perproc_libspace                  0x000006e5   Thumb Code     0  libspace.o(.text)
    __user_perthread_libspace                0x000006e5   Thumb Code     0  libspace.o(.text)
    CANBitTimingSet                          0x000006ed   Thumb Code   106  can.o(i.CANBitTimingSet)
    CANEnable                                0x00000757   Thumb Code    10  can.o(i.CANEnable)
    CANInit                                  0x00000761   Thumb Code    66  can.o(i.CANInit)
    CANIntClear                              0x000007a3   Thumb Code    42  can.o(i.CANIntClear)
    CANIntEnable                             0x000007cd   Thumb Code     8  can.o(i.CANIntEnable)
    CANIntStatus                             0x000007d5   Thumb Code    32  can.o(i.CANIntStatus)
    CANMessageGet                            0x000007f5   Thumb Code   378  can.o(i.CANMessageGet)
    CANMessageSet                            0x0000096f   Thumb Code   358  can.o(i.CANMessageSet)
    CANRetrySet                              0x00000ad5   Thumb Code    18  can.o(i.CANRetrySet)
    CANStatusGet                             0x00000ae7   Thumb Code    68  can.o(i.CANStatusGet)
    CAN_Internal_Bus_ISR                     0x00000b2d   Thumb Code    98  ms_can_top_layer.o(i.CAN_Internal_Bus_ISR)
    CAN_Master_Command_Slave                 0x00000b99   Thumb Code    60  ms_can_top_layer.o(i.CAN_Master_Command_Slave)
    CPUgetPRIMASK_cpsid                      0x00000bed   Thumb Code     8  es_port.o(i.CPUgetPRIMASK_cpsid)
    CPUsetPRIMASK                            0x00000bf5   Thumb Code     6  es_port.o(i.CPUsetPRIMASK)
    Check4Keystroke                          0x00000bfb   Thumb Code     4  eventcheckers.o(i.Check4Keystroke)
    ES_CheckUserEvents                       0x00000c01   Thumb Code    34  es_checkevents.o(i.ES_CheckUserEvents)
    ES_DeQueue                               0x00000c29   Thumb Code    80  es_queue.o(i.ES_DeQueue)
    ES_EnQueueFIFO                           0x00000c7d   Thumb Code    66  es_queue.o(i.ES_EnQueueFIFO)
    ES_GetMSBitSet                           0x00000cc5   Thumb Code    48  es_lookuptables.o(i.ES_GetMSBitSet)
    ES_InitQueue                             0x00000cf9   Thumb Code    16  es_queue.o(i.ES_InitQueue)
    ES_Initialize                            0x00000d09   Thumb Code    72  es_framework.o(i.ES_Initialize)
    ES_PostToService                         0x00000d55   Thumb Code    34  es_framework.o(i.ES_PostToService)
    ES_Run                                   0x00000d85   Thumb Code    84  es_framework.o(i.ES_Run)
    ES_Timer_Init                            0x00000de5   Thumb Code     4  es_timers.o(i.ES_Timer_Init)
    ES_Timer_InitTimer                       0x00000de9   Thumb Code    44  es_timers.o(i.ES_Timer_InitTimer)
    ES_Timer_Tick_Resp                       0x00000e25   Thumb Code    90  es_timers.o(i.ES_Timer_Tick_Resp)
    GPIODirModeSet                           0x00000e91   Thumb Code    40  gpio.o(i.GPIODirModeSet)
    GPIOPadConfigSet                         0x00000eb9   Thumb Code   312  gpio.o(i.GPIOPadConfigSet)
    GPIOPinConfigure                         0x00000ff1   Thumb Code    60  gpio.o(i.GPIOPinConfigure)
    GPIOPinTypeUART                          0x00001035   Thumb Code    28  gpio.o(i.GPIOPinTypeUART)
    Init_Master_Main_Service                 0x00001051   Thumb Code   104  master_main_service.o(i.Init_Master_Main_Service)
    Initialize_CAN_Internal_Bus              0x000010cd   Thumb Code    92  ms_can_top_layer.o(i.Initialize_CAN_Internal_Bus)
    IntMasterEnable                          0x00001131   Thumb Code    14  interrupt.o(i.IntMasterEnable)
    Post_Master_Main_Service                 0x00001141   Thumb Code    10  master_main_service.o(i.Post_Master_Main_Service)
    Run_Master_Main_Service                  0x00001151   Thumb Code    64  master_main_service.o(i.Run_Master_Main_Service)
    ShortTimerAHandler                       0x000011c5   Thumb Code    42  es_shorttimer.o(i.ShortTimerAHandler)
    ShortTimerBHandler                       0x000011f9   Thumb Code    46  es_shorttimer.o(i.ShortTimerBHandler)
    SysCtlClockSet                           0x00001231   Thumb Code   270  sysctl.o(i.SysCtlClockSet)
    SysCtlPeripheralEnable                   0x00001351   Thumb Code    36  sysctl.o(i.SysCtlPeripheralEnable)
    SysCtlPeripheralReady                    0x00001379   Thumb Code    40  sysctl.o(i.SysCtlPeripheralReady)
    SysTickEnable                            0x000013a5   Thumb Code    14  systick.o(i.SysTickEnable)
    SysTickIntEnable                         0x000013b3   Thumb Code    14  systick.o(i.SysTickIntEnable)
    SysTickIntHandler                        0x000013c1   Thumb Code    16  es_port.o(i.SysTickIntHandler)
    SysTickPeriodSet                         0x000013d5   Thumb Code    10  systick.o(i.SysTickPeriodSet)
    TERMIO_Init                              0x000013e1   Thumb Code    62  termio.o(i.TERMIO_Init)
    TERMIO_PutChar                           0x00001431   Thumb Code     8  termio.o(i.TERMIO_PutChar)
    TimerIntClear                            0x0000143d   Thumb Code     4  timer.o(i.TimerIntClear)
    UARTCharPut                              0x00001441   Thumb Code    12  uart.o(i.UARTCharPut)
    UARTClockSourceSet                       0x0000144d   Thumb Code     6  uart.o(i.UARTClockSourceSet)
    UARTStdioConfig                          0x00001455   Thumb Code    82  uartstdio.o(i.UARTStdioConfig)
    _HW_Process_Pending_Ints                 0x000014b1   Thumb Code    26  es_port.o(i._HW_Process_Pending_Ints)
    _HW_Timer_Init                           0x000014d1   Thumb Code    22  es_port.o(i._HW_Timer_Init)
    _sys_exit                                0x000014e7   Thumb Code     2  retarget.o(i._sys_exit)
    ferror                                   0x000014e9   Thumb Code     6  retarget.o(i.ferror)
    fputc                                    0x000014ef   Thumb Code    14  retarget.o(i.fputc)
    main                                     0x000014fd   Thumb Code   108  main.o(i.main)
    _fp_init                                 0x000016cd   Thumb Code    10  fpinit.o(x$fpl$fpinit)
    __fplib_config_fpu_vfp                   0x000016d5   Thumb Code     0  fpinit.o(x$fpl$fpinit)
    __fplib_config_pureend_doubles           0x000016d5   Thumb Code     0  fpinit.o(x$fpl$fpinit)
    BitNum2SetMask                           0x000016ec   Data          32  es_lookuptables.o(.constdata)
    Nybble2MSBitNum                          0x0000170c   Data          15  es_lookuptables.o(.constdata)
    Region$$Table$$Base                      0x0000199c   Number         0  anon$$obj.o(Region$$Table)
    Region$$Table$$Limit                     0x000019bc   Number         0  anon$$obj.o(Region$$Table)
    Ready                                    0x20000024   Data           2  es_framework.o(.data)
    _PRIMASK_temp                            0x20000030   Data           4  es_queue.o(.data)
    __stdout                                 0x20000040   Data           4  retarget.o(.data)
    __libspace_start                         0x20000084   Data          96  libspace.o(.bss)
    __temporary_stack_top$libspace           0x200000e4   Data           0  libspace.o(.bss)



==============================================================================

Memory Map of the image

  Image Entry point : 0x0000026d

  Load Region LR_IROM1 (Base: 0x00000000, Size: 0x00001a08, Max: 0x00040000, ABSOLUTE)

    Execution Region ER_IROM1 (Base: 0x00000000, Size: 0x000019bc, Max: 0x00040000, ABSOLUTE)

    Base Addr    Size         Type   Attr      Idx    E Section Name        Object

    0x00000000   0x00000288   Code   RO          310  * RESET               startup_rvmdk.o
    0x00000288   0x00000008   Code   RO         2270  * !!!main             c_w.l(__main.o)
    0x00000290   0x00000034   Code   RO         2432    !!!scatter          c_w.l(__scatter.o)
    0x000002c4   0x0000001a   Code   RO         2434    !!handler_copy      c_w.l(__scatter_copy.o)
    0x000002de   0x00000002   PAD
    0x000002e0   0x0000001c   Code   RO         2436    !!handler_zi        c_w.l(__scatter_zi.o)
    0x000002fc   0x00000000   Code   RO         2263    .ARM.Collect$$_printf_percent$$00000000  c_w.l(_printf_percent.o)
    0x000002fc   0x00000006   Code   RO         2261    .ARM.Collect$$_printf_percent$$00000008  c_w.l(_printf_i.o)
    0x00000302   0x00000006   Code   RO         2262    .ARM.Collect$$_printf_percent$$00000009  c_w.l(_printf_d.o)
    0x00000308   0x00000006   Code   RO         2260    .ARM.Collect$$_printf_percent$$00000014  c_w.l(_printf_s.o)
    0x0000030e   0x00000004   Code   RO         2279    .ARM.Collect$$_printf_percent$$00000017  c_w.l(_printf_percent_end.o)
    0x00000312   0x00000002   Code   RO         2308    .ARM.Collect$$libinit$$00000000  c_w.l(libinit.o)
    0x00000314   0x00000004   Code   RO         2314    .ARM.Collect$$libinit$$00000001  c_w.l(libinit2.o)
    0x00000318   0x00000000   Code   RO         2317    .ARM.Collect$$libinit$$00000004  c_w.l(libinit2.o)
    0x00000318   0x00000000   Code   RO         2320    .ARM.Collect$$libinit$$0000000A  c_w.l(libinit2.o)
    0x00000318   0x00000000   Code   RO         2322    .ARM.Collect$$libinit$$0000000C  c_w.l(libinit2.o)
    0x00000318   0x00000000   Code   RO         2324    .ARM.Collect$$libinit$$0000000E  c_w.l(libinit2.o)
    0x00000318   0x00000000   Code   RO         2327    .ARM.Collect$$libinit$$00000011  c_w.l(libinit2.o)
    0x00000318   0x00000000   Code   RO         2329    .ARM.Collect$$libinit$$00000013  c_w.l(libinit2.o)
    0x00000318   0x00000000   Code   RO         2331    .ARM.Collect$$libinit$$00000015  c_w.l(libinit2.o)
    0x00000318   0x00000000   Code   RO         2333    .ARM.Collect$$libinit$$00000017  c_w.l(libinit2.o)
    0x00000318   0x00000000   Code   RO         2335    .ARM.Collect$$libinit$$00000019  c_w.l(libinit2.o)
    0x00000318   0x00000000   Code   RO         2337    .ARM.Collect$$libinit$$0000001B  c_w.l(libinit2.o)
    0x00000318   0x00000000   Code   RO         2339    .ARM.Collect$$libinit$$0000001D  c_w.l(libinit2.o)
    0x00000318   0x00000000   Code   RO         2341    .ARM.Collect$$libinit$$0000001F  c_w.l(libinit2.o)
    0x00000318   0x00000000   Code   RO         2343    .ARM.Collect$$libinit$$00000021  c_w.l(libinit2.o)
    0x00000318   0x00000000   Code   RO         2345    .ARM.Collect$$libinit$$00000023  c_w.l(libinit2.o)
    0x00000318   0x00000000   Code   RO         2347    .ARM.Collect$$libinit$$00000025  c_w.l(libinit2.o)
    0x00000318   0x00000000   Code   RO         2351    .ARM.Collect$$libinit$$0000002C  c_w.l(libinit2.o)
    0x00000318   0x00000000   Code   RO         2353    .ARM.Collect$$libinit$$0000002E  c_w.l(libinit2.o)
    0x00000318   0x00000000   Code   RO         2355    .ARM.Collect$$libinit$$00000030  c_w.l(libinit2.o)
    0x00000318   0x00000000   Code   RO         2357    .ARM.Collect$$libinit$$00000032  c_w.l(libinit2.o)
    0x00000318   0x00000002   Code   RO         2358    .ARM.Collect$$libinit$$00000033  c_w.l(libinit2.o)
    0x0000031a   0x00000002   Code   RO         2376    .ARM.Collect$$libshutdown$$00000000  c_w.l(libshutdown.o)
    0x0000031c   0x00000000   Code   RO         2386    .ARM.Collect$$libshutdown$$00000002  c_w.l(libshutdown2.o)
    0x0000031c   0x00000000   Code   RO         2388    .ARM.Collect$$libshutdown$$00000004  c_w.l(libshutdown2.o)
    0x0000031c   0x00000000   Code   RO         2391    .ARM.Collect$$libshutdown$$00000007  c_w.l(libshutdown2.o)
    0x0000031c   0x00000000   Code   RO         2394    .ARM.Collect$$libshutdown$$0000000A  c_w.l(libshutdown2.o)
    0x0000031c   0x00000000   Code   RO         2396    .ARM.Collect$$libshutdown$$0000000C  c_w.l(libshutdown2.o)
    0x0000031c   0x00000000   Code   RO         2399    .ARM.Collect$$libshutdown$$0000000F  c_w.l(libshutdown2.o)
    0x0000031c   0x00000002   Code   RO         2400    .ARM.Collect$$libshutdown$$00000010  c_w.l(libshutdown2.o)
    0x0000031e   0x00000000   Code   RO         2272    .ARM.Collect$$rtentry$$00000000  c_w.l(__rtentry.o)
    0x0000031e   0x00000000   Code   RO         2281    .ARM.Collect$$rtentry$$00000002  c_w.l(__rtentry2.o)
    0x0000031e   0x00000006   Code   RO         2293    .ARM.Collect$$rtentry$$00000004  c_w.l(__rtentry4.o)
    0x00000324   0x00000000   Code   RO         2283    .ARM.Collect$$rtentry$$00000009  c_w.l(__rtentry2.o)
    0x00000324   0x00000004   Code   RO         2284    .ARM.Collect$$rtentry$$0000000A  c_w.l(__rtentry2.o)
    0x00000328   0x00000000   Code   RO         2286    .ARM.Collect$$rtentry$$0000000C  c_w.l(__rtentry2.o)
    0x00000328   0x00000008   Code   RO         2287    .ARM.Collect$$rtentry$$0000000D  c_w.l(__rtentry2.o)
    0x00000330   0x00000002   Code   RO         2312    .ARM.Collect$$rtexit$$00000000  c_w.l(rtexit.o)
    0x00000332   0x00000000   Code   RO         2360    .ARM.Collect$$rtexit$$00000002  c_w.l(rtexit2.o)
    0x00000332   0x00000004   Code   RO         2361    .ARM.Collect$$rtexit$$00000003  c_w.l(rtexit2.o)
    0x00000336   0x00000006   Code   RO         2362    .ARM.Collect$$rtexit$$00000004  c_w.l(rtexit2.o)
    0x0000033c   0x00000006   Code   RO         1267    .emb_text           driverlib.lib(sysctl.o)
    0x00000342   0x00000002   PAD
    0x00000344   0x00000026   Code   RO         2215    .emb_text           driverlib.lib(cpu.o)
    0x0000036a   0x00000002   PAD
    0x0000036c   0x00000018   Code   RO          311    .text               startup_rvmdk.o
    0x00000384   0x00000002   Code   RO         2227    .text               c_w.l(use_no_semi.o)
    0x00000386   0x00000002   PAD
    0x00000388   0x00000018   Code   RO         2231    .text               c_w.l(noretval__2printf.o)
    0x000003a0   0x00000068   Code   RO         2233    .text               c_w.l(__printf.o)
    0x00000408   0x00000052   Code   RO         2235    .text               c_w.l(_printf_str.o)
    0x0000045a   0x00000002   PAD
    0x0000045c   0x00000078   Code   RO         2237    .text               c_w.l(_printf_dec.o)
    0x000004d4   0x0000002c   Code   RO         2264    .text               c_w.l(puts.o)
    0x00000500   0x0000004e   Code   RO         2266    .text               c_w.l(rt_memclr_w.o)
    0x0000054e   0x00000006   Code   RO         2268    .text               c_w.l(heapauxi.o)
    0x00000554   0x000000b2   Code   RO         2273    .text               c_w.l(_printf_intcommon.o)
    0x00000606   0x0000002c   Code   RO         2275    .text               c_w.l(_printf_char.o)
    0x00000632   0x00000002   PAD
    0x00000634   0x00000024   Code   RO         2277    .text               c_w.l(_printf_char_file.o)
    0x00000658   0x00000030   Code   RO         2295    .text               c_w.l(_printf_char_common.o)
    0x00000688   0x0000004a   Code   RO         2297    .text               c_w.l(sys_stackheap_outer.o)
    0x000006d2   0x00000012   Code   RO         2301    .text               c_w.l(exit.o)
    0x000006e4   0x00000008   Code   RO         2309    .text               c_w.l(libspace.o)
    0x000006ec   0x0000006a   Code   RO          711    i.CANBitTimingSet   driverlib.lib(can.o)
    0x00000756   0x0000000a   Code   RO          713    i.CANEnable         driverlib.lib(can.o)
    0x00000760   0x00000042   Code   RO          715    i.CANInit           driverlib.lib(can.o)
    0x000007a2   0x0000002a   Code   RO          716    i.CANIntClear       driverlib.lib(can.o)
    0x000007cc   0x00000008   Code   RO          718    i.CANIntEnable      driverlib.lib(can.o)
    0x000007d4   0x00000020   Code   RO          720    i.CANIntStatus      driverlib.lib(can.o)
    0x000007f4   0x0000017a   Code   RO          723    i.CANMessageGet     driverlib.lib(can.o)
    0x0000096e   0x00000166   Code   RO          724    i.CANMessageSet     driverlib.lib(can.o)
    0x00000ad4   0x00000012   Code   RO          726    i.CANRetrySet       driverlib.lib(can.o)
    0x00000ae6   0x00000044   Code   RO          727    i.CANStatusGet      driverlib.lib(can.o)
    0x00000b2a   0x00000002   PAD
    0x00000b2c   0x0000006c   Code   RO          233    i.CAN_Internal_Bus_ISR  ms_can_top_layer.o
    0x00000b98   0x00000054   Code   RO          234    i.CAN_Master_Command_Slave  ms_can_top_layer.o
    0x00000bec   0x00000008   Code   RO          439    i.CPUgetPRIMASK_cpsid  es_port.o
    0x00000bf4   0x00000006   Code   RO          445    i.CPUsetPRIMASK     es_port.o
    0x00000bfa   0x00000004   Code   RO           86    i.Check4Keystroke   eventcheckers.o
    0x00000bfe   0x00000002   PAD
    0x00000c00   0x00000028   Code   RO          317    i.ES_CheckUserEvents  es_checkevents.o
    0x00000c28   0x00000054   Code   RO          467    i.ES_DeQueue        es_queue.o
    0x00000c7c   0x00000048   Code   RO          468    i.ES_EnQueueFIFO    es_queue.o
    0x00000cc4   0x00000034   Code   RO          388    i.ES_GetMSBitSet    es_lookuptables.o
    0x00000cf8   0x00000010   Code   RO          470    i.ES_InitQueue      es_queue.o
    0x00000d08   0x0000004c   Code   RO          343    i.ES_Initialize     es_framework.o
    0x00000d54   0x00000030   Code   RO          345    i.ES_PostToService  es_framework.o
    0x00000d84   0x00000060   Code   RO          347    i.ES_Run            es_framework.o
    0x00000de4   0x00000004   Code   RO          510    i.ES_Timer_Init     es_timers.o
    0x00000de8   0x0000003c   Code   RO          511    i.ES_Timer_InitTimer  es_timers.o
    0x00000e24   0x0000006c   Code   RO          515    i.ES_Timer_Tick_Resp  es_timers.o
    0x00000e90   0x00000028   Code   RO          869    i.GPIODirModeSet    driverlib.lib(gpio.o)
    0x00000eb8   0x00000138   Code   RO          879    i.GPIOPadConfigSet  driverlib.lib(gpio.o)
    0x00000ff0   0x00000044   Code   RO          880    i.GPIOPinConfigure  driverlib.lib(gpio.o)
    0x00001034   0x0000001c   Code   RO          903    i.GPIOPinTypeUART   driverlib.lib(gpio.o)
    0x00001050   0x0000007c   Code   RO          280    i.Init_Master_Main_Service  master_main_service.o
    0x000010cc   0x00000064   Code   RO          237    i.Initialize_CAN_Internal_Bus  ms_can_top_layer.o
    0x00001130   0x0000000e   Code   RO         1158    i.IntMasterEnable   driverlib.lib(interrupt.o)
    0x0000113e   0x00000002   PAD
    0x00001140   0x00000010   Code   RO          281    i.Post_Master_Main_Service  master_main_service.o
    0x00001150   0x00000074   Code   RO          282    i.Run_Master_Main_Service  master_main_service.o
    0x000011c4   0x00000034   Code   RO          195    i.ShortTimerAHandler  es_shorttimer.o
    0x000011f8   0x00000038   Code   RO          196    i.ShortTimerBHandler  es_shorttimer.o
    0x00001230   0x00000120   Code   RO         1272    i.SysCtlClockSet    driverlib.lib(sysctl.o)
    0x00001350   0x00000028   Code   RO         1301    i.SysCtlPeripheralEnable  driverlib.lib(sysctl.o)
    0x00001378   0x0000002c   Code   RO         1305    i.SysCtlPeripheralReady  driverlib.lib(sysctl.o)
    0x000013a4   0x0000000e   Code   RO         1616    i.SysTickEnable     driverlib.lib(systick.o)
    0x000013b2   0x0000000e   Code   RO         1618    i.SysTickIntEnable  driverlib.lib(systick.o)
    0x000013c0   0x00000014   Code   RO          405    i.SysTickIntHandler  es_port.o
    0x000013d4   0x0000000a   Code   RO         1622    i.SysTickPeriodSet  driverlib.lib(systick.o)
    0x000013de   0x00000002   PAD
    0x000013e0   0x00000050   Code   RO          615    i.TERMIO_Init       termio.o
    0x00001430   0x0000000c   Code   RO          616    i.TERMIO_PutChar    termio.o
    0x0000143c   0x00000004   Code   RO         1692    i.TimerIntClear     driverlib.lib(timer.o)
    0x00001440   0x0000000c   Code   RO         1928    i.UARTCharPut       driverlib.lib(uart.o)
    0x0000144c   0x00000006   Code   RO         1932    i.UARTClockSourceSet  driverlib.lib(uart.o)
    0x00001452   0x00000002   PAD
    0x00001454   0x0000005c   Code   RO          657    i.UARTStdioConfig   uartstdio.o
    0x000014b0   0x00000020   Code   RO          407    i._HW_Process_Pending_Ints  es_port.o
    0x000014d0   0x00000016   Code   RO          408    i._HW_Timer_Init    es_port.o
    0x000014e6   0x00000002   Code   RO          561    i._sys_exit         retarget.o
    0x000014e8   0x00000006   Code   RO          563    i.ferror            retarget.o
    0x000014ee   0x0000000e   Code   RO          565    i.fputc             retarget.o
    0x000014fc   0x000001d0   Code   RO            1    i.main              main.o
    0x000016cc   0x0000000a   Code   RO         2368    x$fpl$fpinit        fz_wm.l(fpinit.o)
    0x000016d6   0x00000002   PAD
    0x000016d8   0x00000004   Data   RO          318    .constdata          es_checkevents.o
    0x000016dc   0x00000010   Data   RO          349    .constdata          es_framework.o
    0x000016ec   0x00000020   Data   RO          389    .constdata          es_lookuptables.o
    0x0000170c   0x0000000f   Data   RO          390    .constdata          es_lookuptables.o
    0x0000171b   0x00000001   PAD
    0x0000171c   0x00000040   Data   RO          517    .constdata          es_timers.o
    0x0000175c   0x0000001c   Data   RO          663    .constdata          uartstdio.o
    0x00001778   0x00000210   Data   RO          910    .constdata          driverlib.lib(gpio.o)
    0x00001988   0x00000011   Data   RO          664    .conststring        uartstdio.o
    0x00001999   0x00000003   PAD
    0x0000199c   0x00000020   Data   RO         2430    Region$$Table       anon$$obj.o


    Execution Region RW_IRAM1 (Base: 0x20000000, Size: 0x000008e8, Max: 0x00008000, ABSOLUTE)

    Base Addr    Size         Type   Attr      Idx    E Section Name        Object

    0x20000000   0x00000002   Data   RW          197    .data               es_shorttimer.o
    0x20000002   0x00000002   PAD
    0x20000004   0x00000008   Data   RW          238    .data               ms_can_top_layer.o
    0x2000000c   0x00000014   Data   RW          283    .data               master_main_service.o
    0x20000020   0x00000002   Data   RW          284    .data               master_main_service.o
    0x20000022   0x00000002   Data   RW          285    .data               master_main_service.o
    0x20000024   0x00000006   Data   RW          350    .data               es_framework.o
    0x2000002a   0x00000004   Data   RW          409    .data               es_port.o
    0x2000002e   0x00000002   PAD
    0x20000030   0x00000004   Data   RW          472    .data               es_queue.o
    0x20000034   0x0000000a   Data   RW          518    .data               es_timers.o
    0x2000003e   0x00000002   PAD
    0x20000040   0x00000004   Data   RW          566    .data               retarget.o
    0x20000044   0x00000008   Data   RW          665    .data               uartstdio.o
    0x2000004c   0x00000018   Zero   RW          348    .bss                es_framework.o
    0x20000064   0x00000020   Zero   RW          516    .bss                es_timers.o
    0x20000084   0x00000060   Zero   RW         2310    .bss                c_w.l(libspace.o)
    0x200000e4   0x00000004   PAD
    0x200000e8   0x00000000   Zero   RW          309    HEAP                startup_rvmdk.o
    0x200000e8   0x00000800   Zero   RW          308    STACK               startup_rvmdk.o


==============================================================================

Image component sizes


      Code (inc. data)   RO Data    RW Data    ZI Data      Debug   Object Name

        40          6          4          0          0       1225   es_checkevents.o
       220         30         16          6         24       3016   es_framework.o
        52          4         47          0          0       1426   es_lookuptables.o
        88         10          0          4          0       3662   es_port.o
       172         10          0          4          0       2777   es_queue.o
       108         20          0          2          0       2176   es_shorttimer.o
       172         34         64         10         32       2518   es_timers.o
         4          0          0          0          0        502   eventcheckers.o
       464        356          0          0          0       9343   main.o
       256         78          0         24          0       3012   master_main_service.o
       292         42          0          8          0       6224   ms_can_top_layer.o
        22          0          0          4          0       3319   retarget.o
       672        636          0          0       2048        572   startup_rvmdk.o
        92         22          0          0          0       1011   termio.o
        92         10         45          8          0       2433   uartstdio.o

    ----------------------------------------------------------------------
      2748       1258        212         76       2104      43216   Object Totals
         0          0         32          0          0          0   (incl. Generated)
         2          0          4          6          0          0   (incl. Padding)

    ----------------------------------------------------------------------

      Code (inc. data)   RO Data    RW Data    ZI Data      Debug   Library Member Name

         8          0          0          0          0         68   __main.o
       104          0          0          0          0         84   __printf.o
         0          0          0          0          0          0   __rtentry.o
        12          0          0          0          0          0   __rtentry2.o
         6          0          0          0          0          0   __rtentry4.o
        52          8          0          0          0          0   __scatter.o
        26          0          0          0          0          0   __scatter_copy.o
        28          0          0          0          0          0   __scatter_zi.o
        44          0          0          0          0        108   _printf_char.o
        48          6          0          0          0         96   _printf_char_common.o
        36          4          0          0          0         80   _printf_char_file.o
         6          0          0          0          0          0   _printf_d.o
       120         16          0          0          0         92   _printf_dec.o
         6          0          0          0          0          0   _printf_i.o
       178          0          0          0          0         88   _printf_intcommon.o
         0          0          0          0          0          0   _printf_percent.o
         4          0          0          0          0          0   _printf_percent_end.o
         6          0          0          0          0          0   _printf_s.o
        82          0          0          0          0         80   _printf_str.o
        18          0          0          0          0         80   exit.o
         6          0          0          0          0        152   heapauxi.o
         2          0          0          0          0          0   libinit.o
         6          0          0          0          0          0   libinit2.o
         2          0          0          0          0          0   libshutdown.o
         2          0          0          0          0          0   libshutdown2.o
         8          4          0          0         96         68   libspace.o
        24          4          0          0          0         84   noretval__2printf.o
        44          4          0          0          0         84   puts.o
        78          0          0          0          0         80   rt_memclr_w.o
         2          0          0          0          0          0   rtexit.o
        10          0          0          0          0          0   rtexit2.o
        74          0          0          0          0         80   sys_stackheap_outer.o
         2          0          0          0          0         68   use_no_semi.o
      1086          6          0          0          0      12829   can.o
        38          0          0          0          0        572   cpu.o
       448          8        528          0          0       3569   gpio.o
        14          0          0          0          0        518   interrupt.o
       378         26          0          0          0       2266   sysctl.o
        38          0          0          0          0       1410   systick.o
         4          0          0          0          0        488   timer.o
        18          0          0          0          0        999   uart.o
        10          0          0          0          0        116   fpinit.o

    ----------------------------------------------------------------------
      3100         86        528          0        100      24159   Library Totals
        22          0          0          0          4          0   (incl. Padding)

    ----------------------------------------------------------------------

      Code (inc. data)   RO Data    RW Data    ZI Data      Debug   Library Name

      1044         46          0          0         96       1392   c_w.l
      2024         40        528          0          0      22651   driverlib.lib
        10          0          0          0          0        116   fz_wm.l

    ----------------------------------------------------------------------
      3100         86        528          0        100      24159   Library Totals

    ----------------------------------------------------------------------

==============================================================================


      Code (inc. data)   RO Data    RW Data    ZI Data      Debug   

      5848       1344        740         76       2204      61651   Grand Totals
      5848       1344        740         76       2204      61651   ELF Image Totals
      5848       1344        740         76          0          0   ROM Totals

==============================================================================

    Total RO  Size (Code + RO Data)                 6588 (   6.43kB)
    Total RW  Size (RW Data + ZI Data)              2280 (   2.23kB)
    Total ROM Size (Code + RO Data + RW Data)       6664 (   6.51kB)

==============================================================================

